
> snorting-code@1.0.0 test
> jest --no-coverage

npm : PASS __tests__/indoorRoomSearch.test.ts
At line:1 char:71
+ ... MATCH" 2>&1; npm test -- --no-coverage 2>&1 > test_output.txt; Get-Co ...
+                  ~~~~~~~~~~~~~~~~~~~~~~~~~~~~~~~~~~~~~~~~~~~~~~~~
    + CategoryInfo          : NotSpecified: (PASS __tests__/indoorRoomSearch.t 
   est.ts:String) [], RemoteException
    + FullyQualifiedErrorId : NativeCommandError
 
PASS __tests__/indoorBuildingPlan.test.ts
PASS __tests__/DirectionStepsPanel.test.tsx
PASS __tests__/ShuttleBus.test.tsx
PASS __tests__/ShuttleBusTracker.test.tsx
PASS __tests__/ShuttleSchedulePanel.test.tsx
PASS __tests__/BuildingInfoPopup.test.tsx
PASS __tests__/ScheduleCalendar.test.tsx
PASS __tests__/ShuttleUnavailableBanner.test.tsx
PASS __tests__/App.test.tsx
PASS __tests__/AccessibilityIcons.test.tsx
PASS __tests__/GoogleAuthService.test.tsx
PASS __tests__/mapAssets.test.tsx
PASS __tests__/useShuttleAvailability.test.tsx
PASS __tests__/GoogleCalendarService.test.tsx
PASS __tests__/GoogleDirectionsService.test.tsx
PASS __tests__/pointInPolygon.test.tsx
PASS __tests__/parseCourseEvents.test.tsx
PASS __tests__/OAuthRedirect.test.tsx
PASS __tests__/Schedule.test.tsx (5.88 s)
PASS __tests__/NavigationBarStyle.test.tsx
PASS __tests__/GoogleCalendarCacheStore.test.tsx
PASS __tests__/shuttleAvailability.test.tsx
PASS __tests__/TokenStore.test.tsx
PASS __tests__/findBuildingByCode.test.tsx
PASS __tests__/IndoorMapComposite.test.tsx
PASS __tests__/NextClassDirectionsPanel.test.tsx (6.547 s)
FAIL __tests__/NavigationBar.test.tsx (6.846 s)
  ΓùÅ NavigationBar ΓÇ║ PanResponder - Swipe Gestures ΓÇ║ Building Picker 
(List Button) ΓÇ║ filters buildings by campus and valid bounding box when 
picker is opened

    Unable to find an element with accessibility label: Pick starting building 
from list

    [
      [36m<View[39m
        [33maccessible[39m=[32m{true}[39m
      [36m/>[39m,
      [36m<View[39m
        [33mpointerEvents[39m=[32m"box-none"[39m
      [36m>[39m
        [36m<View>[39m
          [36m<View>[39m
            [36m<View />[39m
          [36m</View>[39m
          [36m<View>[39m
            [36m<View>[39m
              [36m<View>[39m
                [36m<View>[39m
                  [36m<View />[39m
                [36m</View>[39m
                [36m<TextInput[39m
                  [33mplaceholder[39m=[32m"From ΓÇö building or room (e.g. 
H-110)"[39m
                  [33mtestID[39m=[32m"start-location-input"[39m
                  [33mvalue[39m=[32m""[39m
                [36m/>[39m
                [36m<View[39m
                  [33maccessibilityLabel[39m=[32m"Pick from list"[39m
                  [33maccessibilityRole[39m=[32m"button"[39m
                  [33maccessible[39m=[32m{true}[39m
                [36m>[39m
                  [36m<MaterialIcons />[39m
                [36m</View>[39m
              [36m</View>[39m
              [36m<View[39m
                [33maccessibilityLabel[39m=[32m"Swap origin and 
destination"[39m
                [33maccessibilityRole[39m=[32m"button"[39m
                [33maccessible[39m=[32m{true}[39m
              [36m>[39m
                [36m<MaterialIcons />[39m
              [36m</View>[39m
              [36m<View>[39m
                [36m<View>[39m
                  [36m<MaterialIcons />[39m
                [36m</View>[39m
                [36m<TextInput[39m
                  [33mplaceholder[39m=[32m"To ΓÇö building or room (e.g. 
MB-1.210)"[39m
                  [33mtestID[39m=[32m"dest-location-input"[39m
                  [33mvalue[39m=[32m""[39m
                [36m/>[39m
                [36m<View[39m
                  [33maccessibilityLabel[39m=[32m"Pick from list"[39m
                  [33maccessibilityRole[39m=[32m"button"[39m
                  [33maccessible[39m=[32m{true}[39m
                [36m>[39m
                  [36m<MaterialIcons />[39m
                [36m</View>[39m
              [36m</View>[39m
            [36m</View>[39m
            [36m<View>[39m
              [36m<View>[39m
                [36m<View[39m
                  [33maccessible[39m=[32m{true}[39m
                  [33mtestID[39m=[32m"mode-button-walking"[39m
                [36m>[39m
                  [36m<MaterialCommunityIcons />[39m
                  [36m<Text>[39m
                    [0mWalk[0m
                  [36m</Text>[39m
                [36m</View>[39m
                [36m<View[39m
                  [33maccessible[39m=[32m{true}[39m
                  [33mtestID[39m=[32m"mode-button-bicycling"[39m
                [36m>[39m
                  [36m<MaterialCommunityIcons />[39m
                  [36m<Text>[39m
                    [0mBike[0m
                  [36m</Text>[39m
                [36m</View>[39m
                [36m<View[39m
                  [33maccessible[39m=[32m{true}[39m
                  [33mtestID[39m=[32m"mode-button-driving"[39m
                [36m>[39m
                  [36m<MaterialCommunityIcons />[39m
                  [36m<Text>[39m
                    [0mCar[0m
                  [36m</Text>[39m
                [36m</View>[39m
                [36m<View[39m
                  [33maccessible[39m=[32m{true}[39m
                  [33mtestID[39m=[32m"mode-button-transit"[39m
                [36m>[39m
                  [36m<MaterialCommunityIcons />[39m
                  [36m<Text>[39m
                    [0mTransit[0m
                  [36m</Text>[39m
                [36m</View>[39m
                [36m<View[39m
                  [33maccessible[39m=[32m{true}[39m
                  [33mtestID[39m=[32m"mode-button-shuttle"[39m
                [36m>[39m
                  [36m<MaterialCommunityIcons />[39m
                  [36m<Text>[39m
                    [0mShuttle[0m
                  [36m</Text>[39m
                [36m</View>[39m
              [36m</View>[39m
            [36m</View>[39m
            [36m<View[39m
              [33maccessible[39m=[32m{true}[39m
              [33mtestID[39m=[32m"get-directions-button"[39m
            [36m>[39m
              [36m<Text>[39m
                [0mGet Directions[0m
              [36m</Text>[39m
            [36m</View>[39m
          [36m</View>[39m
        [36m</View>[39m
      [36m</View>[39m,
    ]

    [0m [90m 578 |[39m         )[33m;[39m
     [90m 579 |[39m
    [31m[1m>[22m[39m[90m 580 |[39m         [36mconst[39m listButton 
[33m=[39m getByLabelText([32m"Pick starting building from 
list"[39m)[33m;[39m
     [90m     |[39m                            [31m[1m^[22m[39m
     [90m 581 |[39m         fireEvent[33m.[39mpress(listButton)[33m;[39m
     [90m 582 |[39m
     [90m 583 |[39m         expect(getByText([32m"Richard J Renaud Science 
Complex (SP)"[39m))[33m.[39mtoBeTruthy()[33m;[39m[0m

      at Object.getByLabelText (__tests__/NavigationBar.test.tsx:580:28)
      at asyncGeneratorStep 
(node_modules/@babel/runtime/helpers/asyncToGenerator.js:3:17)
      at _next (node_modules/@babel/runtime/helpers/asyncToGenerator.js:17:9)
      at node_modules/@babel/runtime/helpers/asyncToGenerator.js:22:7
      at Object.<anonymous> 
(node_modules/@babel/runtime/helpers/asyncToGenerator.js:14:12)

  ΓùÅ NavigationBar ΓÇ║ Building Picker Toggle ΓÇ║ closes building picker when 
same list button is pressed a second time

    Unable to find an element with accessibility label: Pick starting building 
from list

    [
      [36m<View[39m
        [33maccessible[39m=[32m{true}[39m
      [36m/>[39m,
      [36m<View[39m
        [33mpointerEvents[39m=[32m"box-none"[39m
      [36m>[39m
        [36m<View>[39m
          [36m<View>[39m
            [36m<View />[39m
          [36m</View>[39m
          [36m<View>[39m
            [36m<View>[39m
              [36m<View>[39m
                [36m<View>[39m
                  [36m<View />[39m
                [36m</View>[39m
                [36m<TextInput[39m
                  [33mplaceholder[39m=[32m"From ΓÇö building or room (e.g. 
H-110)"[39m
                  [33mtestID[39m=[32m"start-location-input"[39m
                  [33mvalue[39m=[32m""[39m
                [36m/>[39m
                [36m<View[39m
                  [33maccessibilityLabel[39m=[32m"Pick from list"[39m
                  [33maccessibilityRole[39m=[32m"button"[39m
                  [33maccessible[39m=[32m{true}[39m
                [36m>[39m
                  [36m<MaterialIcons />[39m
                [36m</View>[39m
              [36m</View>[39m
              [36m<View[39m
                [33maccessibilityLabel[39m=[32m"Swap origin and 
destination"[39m
                [33maccessibilityRole[39m=[32m"button"[39m
                [33maccessible[39m=[32m{true}[39m
              [36m>[39m
                [36m<MaterialIcons />[39m
              [36m</View>[39m
              [36m<View>[39m
                [36m<View>[39m
                  [36m<MaterialIcons />[39m
                [36m</View>[39m
                [36m<TextInput[39m
                  [33mplaceholder[39m=[32m"To ΓÇö building or room (e.g. 
MB-1.210)"[39m
                  [33mtestID[39m=[32m"dest-location-input"[39m
                  [33mvalue[39m=[32m""[39m
                [36m/>[39m
                [36m<View[39m
                  [33maccessibilityLabel[39m=[32m"Pick from list"[39m
                  [33maccessibilityRole[39m=[32m"button"[39m
                  [33maccessible[39m=[32m{true}[39m
                [36m>[39m
                  [36m<MaterialIcons />[39m
                [36m</View>[39m
              [36m</View>[39m
            [36m</View>[39m
            [36m<View>[39m
              [36m<View>[39m
                [36m<View[39m
                  [33maccessible[39m=[32m{true}[39m
                  [33mtestID[39m=[32m"mode-button-walking"[39m
                [36m>[39m
                  [36m<MaterialCommunityIcons />[39m
                  [36m<Text>[39m
                    [0mWalk[0m
                  [36m</Text>[39m
                [36m</View>[39m
                [36m<View[39m
                  [33maccessible[39m=[32m{true}[39m
                  [33mtestID[39m=[32m"mode-button-bicycling"[39m
                [36m>[39m
                  [36m<MaterialCommunityIcons />[39m
                  [36m<Text>[39m
                    [0mBike[0m
                  [36m</Text>[39m
                [36m</View>[39m
                [36m<View[39m
                  [33maccessible[39m=[32m{true}[39m
                  [33mtestID[39m=[32m"mode-button-driving"[39m
                [36m>[39m
                  [36m<MaterialCommunityIcons />[39m
                  [36m<Text>[39m
                    [0mCar[0m
                  [36m</Text>[39m
                [36m</View>[39m
                [36m<View[39m
                  [33maccessible[39m=[32m{true}[39m
                  [33mtestID[39m=[32m"mode-button-transit"[39m
                [36m>[39m
                  [36m<MaterialCommunityIcons />[39m
                  [36m<Text>[39m
                    [0mTransit[0m
                  [36m</Text>[39m
                [36m</View>[39m
                [36m<View[39m
                  [33maccessible[39m=[32m{true}[39m
                  [33mtestID[39m=[32m"mode-button-shuttle"[39m
                [36m>[39m
                  [36m<MaterialCommunityIcons />[39m
                  [36m<Text>[39m
                    [0mShuttle[0m
                  [36m</Text>[39m
                [36m</View>[39m
              [36m</View>[39m
            [36m</View>[39m
            [36m<View[39m
              [33maccessible[39m=[32m{true}[39m
              [33mtestID[39m=[32m"get-directions-button"[39m
            [36m>[39m
              [36m<Text>[39m
                [0mGet Directions[0m
              [36m</Text>[39m
            [36m</View>[39m
          [36m</View>[39m
        [36m</View>[39m
      [36m</View>[39m,
    ]

    [0m [90m 1241 |[39m       )[33m;[39m
     [90m 1242 |[39m
    [31m[1m>[22m[39m[90m 1243 |[39m       [36mconst[39m listButton 
[33m=[39m getByLabelText([32m"Pick starting building from 
list"[39m)[33m;[39m
     [90m      |[39m                          [31m[1m^[22m[39m
     [90m 1244 |[39m
     [90m 1245 |[39m       [90m// First press: opens picker[39m
     [90m 1246 |[39m       
fireEvent[33m.[39mpress(listButton)[33m;[39m[0m

      at Object.getByLabelText (__tests__/NavigationBar.test.tsx:1243:26)

  ΓùÅ NavigationBar ΓÇ║ Building Picker Toggle ΓÇ║ closes destination picker 
when same list button is pressed again

    Unable to find an element with accessibility label: Pick destination 
building from list

    [
      [36m<View[39m
        [33maccessible[39m=[32m{true}[39m
      [36m/>[39m,
      [36m<View[39m
        [33mpointerEvents[39m=[32m"box-none"[39m
      [36m>[39m
        [36m<View>[39m
          [36m<View>[39m
            [36m<View />[39m
          [36m</View>[39m
          [36m<View>[39m
            [36m<View>[39m
              [36m<View>[39m
                [36m<View>[39m
                  [36m<View />[39m
                [36m</View>[39m
                [36m<TextInput[39m
                  [33mplaceholder[39m=[32m"From ΓÇö building or room (e.g. 
H-110)"[39m
                  [33mtestID[39m=[32m"start-location-input"[39m
                  [33mvalue[39m=[32m""[39m
                [36m/>[39m
                [36m<View[39m
                  [33maccessibilityLabel[39m=[32m"Pick from list"[39m
                  [33maccessibilityRole[39m=[32m"button"[39m
                  [33maccessible[39m=[32m{true}[39m
                [36m>[39m
                  [36m<MaterialIcons />[39m
                [36m</View>[39m
              [36m</View>[39m
              [36m<View[39m
                [33maccessibilityLabel[39m=[32m"Swap origin and 
destination"[39m
                [33maccessibilityRole[39m=[32m"button"[39m
                [33maccessible[39m=[32m{true}[39m
              [36m>[39m
                [36m<MaterialIcons />[39m
              [36m</View>[39m
              [36m<View>[39m
                [36m<View>[39m
                  [36m<MaterialIcons />[39m
                [36m</View>[39m
                [36m<TextInput[39m
                  [33mplaceholder[39m=[32m"To ΓÇö building or room (e.g. 
MB-1.210)"[39m
                  [33mtestID[39m=[32m"dest-location-input"[39m
                  [33mvalue[39m=[32m""[39m
                [36m/>[39m
                [36m<View[39m
                  [33maccessibilityLabel[39m=[32m"Pick from list"[39m
                  [33maccessibilityRole[39m=[32m"button"[39m
                  [33maccessible[39m=[32m{true}[39m
                [36m>[39m
                  [36m<MaterialIcons />[39m
                [36m</View>[39m
              [36m</View>[39m
            [36m</View>[39m
            [36m<View>[39m
              [36m<View>[39m
                [36m<View[39m
                  [33maccessible[39m=[32m{true}[39m
                  [33mtestID[39m=[32m"mode-button-walking"[39m
                [36m>[39m
                  [36m<MaterialCommunityIcons />[39m
                  [36m<Text>[39m
                    [0mWalk[0m
                  [36m</Text>[39m
                [36m</View>[39m
                [36m<View[39m
                  [33maccessible[39m=[32m{true}[39m
                  [33mtestID[39m=[32m"mode-button-bicycling"[39m
                [36m>[39m
                  [36m<MaterialCommunityIcons />[39m
                  [36m<Text>[39m
                    [0mBike[0m
                  [36m</Text>[39m
                [36m</View>[39m
                [36m<View[39m
                  [33maccessible[39m=[32m{true}[39m
                  [33mtestID[39m=[32m"mode-button-driving"[39m
                [36m>[39m
                  [36m<MaterialCommunityIcons />[39m
                  [36m<Text>[39m
                    [0mCar[0m
                  [36m</Text>[39m
                [36m</View>[39m
                [36m<View[39m
                  [33maccessible[39m=[32m{true}[39m
                  [33mtestID[39m=[32m"mode-button-transit"[39m
                [36m>[39m
                  [36m<MaterialCommunityIcons />[39m
                  [36m<Text>[39m
                    [0mTransit[0m
                  [36m</Text>[39m
                [36m</View>[39m
                [36m<View[39m
                  [33maccessible[39m=[32m{true}[39m
                  [33mtestID[39m=[32m"mode-button-shuttle"[39m
                [36m>[39m
                  [36m<MaterialCommunityIcons />[39m
                  [36m<Text>[39m
                    [0mShuttle[0m
                  [36m</Text>[39m
                [36m</View>[39m
              [36m</View>[39m
            [36m</View>[39m
            [36m<View[39m
              [33maccessible[39m=[32m{true}[39m
              [33mtestID[39m=[32m"get-directions-button"[39m
            [36m>[39m
              [36m<Text>[39m
                [0mGet Directions[0m
              [36m</Text>[39m
            [36m</View>[39m
          [36m</View>[39m
        [36m</View>[39m
      [36m</View>[39m,
    ]

    [0m [90m 1263 |[39m       )[33m;[39m
     [90m 1264 |[39m
    [31m[1m>[22m[39m[90m 1265 |[39m       [36mconst[39m listButton 
[33m=[39m getByLabelText([32m"Pick destination building from 
list"[39m)[33m;[39m
     [90m      |[39m                          [31m[1m^[22m[39m
     [90m 1266 |[39m
     [90m 1267 |[39m       fireEvent[33m.[39mpress(listButton)[33m;[39m
     [90m 1268 |[39m       expect(getByText([32m"Richard J Renaud Science 
Complex (SP)"[39m))[33m.[39mtoBeTruthy()[33m;[39m[0m

      at Object.getByLabelText (__tests__/NavigationBar.test.tsx:1265:26)

  ΓùÅ NavigationBar ΓÇ║ Use My Location Button ΓÇ║ renders use-my-location 
button when onUseMyLocation callback is provided

    Unable to find an element with accessibility label: Use my current 
location as start

    [
      [36m<View[39m
        [33maccessible[39m=[32m{true}[39m
      [36m/>[39m,
      [36m<View[39m
        [33mpointerEvents[39m=[32m"box-none"[39m
      [36m>[39m
        [36m<View>[39m
          [36m<View>[39m
            [36m<View />[39m
          [36m</View>[39m
          [36m<View>[39m
            [36m<View>[39m
              [36m<View>[39m
                [36m<View>[39m
                  [36m<View />[39m
                [36m</View>[39m
                [36m<TextInput[39m
                  [33mplaceholder[39m=[32m"From ΓÇö building or room (e.g. 
H-110)"[39m
                  [33mtestID[39m=[32m"start-location-input"[39m
                  [33mvalue[39m=[32m""[39m
                [36m/>[39m
                [36m<View[39m
                  [33maccessibilityLabel[39m=[32m"Use my current 
location"[39m
                  [33maccessibilityRole[39m=[32m"button"[39m
                  [33maccessible[39m=[32m{true}[39m
                [36m>[39m
                  [36m<MaterialIcons />[39m
                [36m</View>[39m
                [36m<View[39m
                  [33maccessibilityLabel[39m=[32m"Pick from list"[39m
                  [33maccessibilityRole[39m=[32m"button"[39m
                  [33maccessible[39m=[32m{true}[39m
                [36m>[39m
                  [36m<MaterialIcons />[39m
                [36m</View>[39m
              [36m</View>[39m
              [36m<View[39m
                [33maccessibilityLabel[39m=[32m"Swap origin and 
destination"[39m
                [33maccessibilityRole[39m=[32m"button"[39m
                [33maccessible[39m=[32m{true}[39m
              [36m>[39m
                [36m<MaterialIcons />[39m
              [36m</View>[39m
              [36m<View>[39m
                [36m<View>[39m
                  [36m<MaterialIcons />[39m
                [36m</View>[39m
                [36m<TextInput[39m
                  [33mplaceholder[39m=[32m"To ΓÇö building or room (e.g. 
MB-1.210)"[39m
                  [33mtestID[39m=[32m"dest-location-input"[39m
                  [33mvalue[39m=[32m""[39m
                [36m/>[39m
                [36m<View[39m
                  [33maccessibilityLabel[39m=[32m"Pick from list"[39m
                  [33maccessibilityRole[39m=[32m"button"[39m
                  [33maccessible[39m=[32m{true}[39m
                [36m>[39m
                  [36m<MaterialIcons />[39m
                [36m</View>[39m
              [36m</View>[39m
            [36m</View>[39m
            [36m<View>[39m
              [36m<View>[39m
                [36m<View[39m
                  [33maccessible[39m=[32m{true}[39m
                  [33mtestID[39m=[32m"mode-button-walking"[39m
                [36m>[39m
                  [36m<MaterialCommunityIcons />[39m
                  [36m<Text>[39m
                    [0mWalk[0m
                  [36m</Text>[39m
                [36m</View>[39m
                [36m<View[39m
                  [33maccessible[39m=[32m{true}[39m
                  [33mtestID[39m=[32m"mode-button-bicycling"[39m
                [36m>[39m
                  [36m<MaterialCommunityIcons />[39m
                  [36m<Text>[39m
                    [0mBike[0m
                  [36m</Text>[39m
                [36m</View>[39m
                [36m<View[39m
                  [33maccessible[39m=[32m{true}[39m
                  [33mtestID[39m=[32m"mode-button-driving"[39m
                [36m>[39m
                  [36m<MaterialCommunityIcons />[39m
                  [36m<Text>[39m
                    [0mCar[0m
                  [36m</Text>[39m
                [36m</View>[39m
                [36m<View[39m
                  [33maccessible[39m=[32m{true}[39m
                  [33mtestID[39m=[32m"mode-button-transit"[39m
                [36m>[39m
                  [36m<MaterialCommunityIcons />[39m
                  [36m<Text>[39m
                    [0mTransit[0m
                  [36m</Text>[39m
                [36m</View>[39m
                [36m<View[39m
                  [33maccessible[39m=[32m{true}[39m
                  [33mtestID[39m=[32m"mode-button-shuttle"[39m
                [36m>[39m
                  [36m<MaterialCommunityIcons />[39m
                  [36m<Text>[39m
                    [0mShuttle[0m
                  [36m</Text>[39m
                [36m</View>[39m
              [36m</View>[39m
            [36m</View>[39m
            [36m<View[39m
              [33maccessible[39m=[32m{true}[39m
              [33mtestID[39m=[32m"get-directions-button"[39m
            [36m>[39m
              [36m<Text>[39m
                [0mGet Directions[0m
              [36m</Text>[39m
            [36m</View>[39m
          [36m</View>[39m
        [36m</View>[39m
      [36m</View>[39m,
    ]

    [0m [90m 1285 |[39m       )[33m;[39m
     [90m 1286 |[39m
    [31m[1m>[22m[39m[90m 1287 |[39m       
expect(getByLabelText([32m"Use my current location as 
start"[39m))[33m.[39mtoBeTruthy()[33m;[39m
     [90m      |[39m              [31m[1m^[22m[39m
     [90m 1288 |[39m     })[33m;[39m
     [90m 1289 |[39m
     [90m 1290 |[39m     it([32m"does not render use-my-location button 
when onUseMyLocation is not provided"[39m[33m,[39m () [33m=>[39m {[0m

      at Object.getByLabelText (__tests__/NavigationBar.test.tsx:1287:14)

  ΓùÅ NavigationBar ΓÇ║ Use My Location Button ΓÇ║ sets start to building name 
when onUseMyLocation returns a building

    Unable to find an element with accessibility label: Use my current 
location as start

    [
      [36m<View[39m
        [33maccessible[39m=[32m{true}[39m
      [36m/>[39m,
      [36m<View[39m
        [33mpointerEvents[39m=[32m"box-none"[39m
      [36m>[39m
        [36m<View>[39m
          [36m<View>[39m
            [36m<View />[39m
          [36m</View>[39m
          [36m<View>[39m
            [36m<View>[39m
              [36m<View>[39m
                [36m<View>[39m
                  [36m<View />[39m
                [36m</View>[39m
                [36m<TextInput[39m
                  [33mplaceholder[39m=[32m"From ΓÇö building or room (e.g. 
H-110)"[39m
                  [33mtestID[39m=[32m"start-location-input"[39m
                  [33mvalue[39m=[32m""[39m
                [36m/>[39m
                [36m<View[39m
                  [33maccessibilityLabel[39m=[32m"Use my current 
location"[39m
                  [33maccessibilityRole[39m=[32m"button"[39m
                  [33maccessible[39m=[32m{true}[39m
                [36m>[39m
                  [36m<MaterialIcons />[39m
                [36m</View>[39m
                [36m<View[39m
                  [33maccessibilityLabel[39m=[32m"Pick from list"[39m
                  [33maccessibilityRole[39m=[32m"button"[39m
                  [33maccessible[39m=[32m{true}[39m
                [36m>[39m
                  [36m<MaterialIcons />[39m
                [36m</View>[39m
              [36m</View>[39m
              [36m<View[39m
                [33maccessibilityLabel[39m=[32m"Swap origin and 
destination"[39m
                [33maccessibilityRole[39m=[32m"button"[39m
                [33maccessible[39m=[32m{true}[39m
              [36m>[39m
                [36m<MaterialIcons />[39m
              [36m</View>[39m
              [36m<View>[39m
                [36m<View>[39m
                  [36m<MaterialIcons />[39m
                [36m</View>[39m
                [36m<TextInput[39m
                  [33mplaceholder[39m=[32m"To ΓÇö building or room (e.g. 
MB-1.210)"[39m
                  [33mtestID[39m=[32m"dest-location-input"[39m
                  [33mvalue[39m=[32m""[39m
                [36m/>[39m
                [36m<View[39m
                  [33maccessibilityLabel[39m=[32m"Pick from list"[39m
                  [33maccessibilityRole[39m=[32m"button"[39m
                  [33maccessible[39m=[32m{true}[39m
                [36m>[39m
                  [36m<MaterialIcons />[39m
                [36m</View>[39m
              [36m</View>[39m
            [36m</View>[39m
            [36m<View>[39m
              [36m<View>[39m
                [36m<View[39m
                  [33maccessible[39m=[32m{true}[39m
                  [33mtestID[39m=[32m"mode-button-walking"[39m
                [36m>[39m
                  [36m<MaterialCommunityIcons />[39m
                  [36m<Text>[39m
                    [0mWalk[0m
                  [36m</Text>[39m
                [36m</View>[39m
                [36m<View[39m
                  [33maccessible[39m=[32m{true}[39m
                  [33mtestID[39m=[32m"mode-button-bicycling"[39m
                [36m>[39m
                  [36m<MaterialCommunityIcons />[39m
                  [36m<Text>[39m
                    [0mBike[0m
                  [36m</Text>[39m
                [36m</View>[39m
                [36m<View[39m
                  [33maccessible[39m=[32m{true}[39m
                  [33mtestID[39m=[32m"mode-button-driving"[39m
                [36m>[39m
                  [36m<MaterialCommunityIcons />[39m
                  [36m<Text>[39m
                    [0mCar[0m
                  [36m</Text>[39m
                [36m</View>[39m
                [36m<View[39m
                  [33maccessible[39m=[32m{true}[39m
                  [33mtestID[39m=[32m"mode-button-transit"[39m
                [36m>[39m
                  [36m<MaterialCommunityIcons />[39m
                  [36m<Text>[39m
                    [0mTransit[0m
                  [36m</Text>[39m
                [36m</View>[39m
                [36m<View[39m
                  [33maccessible[39m=[32m{true}[39m
                  [33mtestID[39m=[32m"mode-button-shuttle"[39m
                [36m>[39m
                  [36m<MaterialCommunityIcons />[39m
                  [36m<Text>[39m
                    [0mShuttle[0m
                  [36m</Text>[39m
                [36m</View>[39m
              [36m</View>[39m
            [36m</View>[39m
            [36m<View[39m
              [33maccessible[39m=[32m{true}[39m
              [33mtestID[39m=[32m"get-directions-button"[39m
            [36m>[39m
              [36m<Text>[39m
                [0mGet Directions[0m
              [36m</Text>[39m
            [36m</View>[39m
          [36m</View>[39m
        [36m</View>[39m
      [36m</View>[39m,
    ]

    [0m [90m 1317 |[39m       )[33m;[39m
     [90m 1318 |[39m
    [31m[1m>[22m[39m[90m 1319 |[39m       
fireEvent[33m.[39mpress(getByLabelText([32m"Use my current location as 
start"[39m))[33m;[39m
     [90m      |[39m                       [31m[1m^[22m[39m
     [90m 1320 |[39m
     [90m 1321 |[39m       
expect(mockUseMyLocation)[33m.[39mtoHaveBeenCalled()[33m;[39m
     [90m 1322 |[39m       expect(getByPlaceholderText([35m/From/[39m)[33m
.[39mprops[33m.[39mvalue)[33m.[39mtoBe([0m

      at Object.getByLabelText (__tests__/NavigationBar.test.tsx:1319:23)

  ΓùÅ NavigationBar ΓÇ║ Use My Location Button ΓÇ║ sets start to 'My Location' 
when onUseMyLocation returns null

    Unable to find an element with accessibility label: Use my current 
location as start

    [
      [36m<View[39m
        [33maccessible[39m=[32m{true}[39m
      [36m/>[39m,
      [36m<View[39m
        [33mpointerEvents[39m=[32m"box-none"[39m
      [36m>[39m
        [36m<View>[39m
          [36m<View>[39m
            [36m<View />[39m
          [36m</View>[39m
          [36m<View>[39m
            [36m<View>[39m
              [36m<View>[39m
                [36m<View>[39m
                  [36m<View />[39m
                [36m</View>[39m
                [36m<TextInput[39m
                  [33mplaceholder[39m=[32m"From ΓÇö building or room (e.g. 
H-110)"[39m
                  [33mtestID[39m=[32m"start-location-input"[39m
                  [33mvalue[39m=[32m""[39m
                [36m/>[39m
                [36m<View[39m
                  [33maccessibilityLabel[39m=[32m"Use my current 
location"[39m
                  [33maccessibilityRole[39m=[32m"button"[39m
                  [33maccessible[39m=[32m{true}[39m
                [36m>[39m
                  [36m<MaterialIcons />[39m
                [36m</View>[39m
                [36m<View[39m
                  [33maccessibilityLabel[39m=[32m"Pick from list"[39m
                  [33maccessibilityRole[39m=[32m"button"[39m
                  [33maccessible[39m=[32m{true}[39m
                [36m>[39m
                  [36m<MaterialIcons />[39m
                [36m</View>[39m
              [36m</View>[39m
              [36m<View[39m
                [33maccessibilityLabel[39m=[32m"Swap origin and 
destination"[39m
                [33maccessibilityRole[39m=[32m"button"[39m
                [33maccessible[39m=[32m{true}[39m
              [36m>[39m
                [36m<MaterialIcons />[39m
              [36m</View>[39m
              [36m<View>[39m
                [36m<View>[39m
                  [36m<MaterialIcons />[39m
                [36m</View>[39m
                [36m<TextInput[39m
                  [33mplaceholder[39m=[32m"To ΓÇö building or room (e.g. 
MB-1.210)"[39m
                  [33mtestID[39m=[32m"dest-location-input"[39m
                  [33mvalue[39m=[32m""[39m
                [36m/>[39m
                [36m<View[39m
                  [33maccessibilityLabel[39m=[32m"Pick from list"[39m
                  [33maccessibilityRole[39m=[32m"button"[39m
                  [33maccessible[39m=[32m{true}[39m
                [36m>[39m
                  [36m<MaterialIcons />[39m
                [36m</View>[39m
              [36m</View>[39m
            [36m</View>[39m
            [36m<View>[39m
              [36m<View>[39m
                [36m<View[39m
                  [33maccessible[39m=[32m{true}[39m
                  [33mtestID[39m=[32m"mode-button-walking"[39m
                [36m>[39m
                  [36m<MaterialCommunityIcons />[39m
                  [36m<Text>[39m
                    [0mWalk[0m
                  [36m</Text>[39m
                [36m</View>[39m
                [36m<View[39m
                  [33maccessible[39m=[32m{true}[39m
                  [33mtestID[39m=[32m"mode-button-bicycling"[39m
                [36m>[39m
                  [36m<MaterialCommunityIcons />[39m
                  [36m<Text>[39m
                    [0mBike[0m
                  [36m</Text>[39m
                [36m</View>[39m
                [36m<View[39m
                  [33maccessible[39m=[32m{true}[39m
                  [33mtestID[39m=[32m"mode-button-driving"[39m
                [36m>[39m
                  [36m<MaterialCommunityIcons />[39m
                  [36m<Text>[39m
                    [0mCar[0m
                  [36m</Text>[39m
                [36m</View>[39m
                [36m<View[39m
                  [33maccessible[39m=[32m{true}[39m
                  [33mtestID[39m=[32m"mode-button-transit"[39m
                [36m>[39m
                  [36m<MaterialCommunityIcons />[39m
                  [36m<Text>[39m
                    [0mTransit[0m
                  [36m</Text>[39m
                [36m</View>[39m
                [36m<View[39m
                  [33maccessible[39m=[32m{true}[39m
                  [33mtestID[39m=[32m"mode-button-shuttle"[39m
                [36m>[39m
                  [36m<MaterialCommunityIcons />[39m
                  [36m<Text>[39m
                    [0mShuttle[0m
                  [36m</Text>[39m
                [36m</View>[39m
              [36m</View>[39m
            [36m</View>[39m
            [36m<View[39m
              [33maccessible[39m=[32m{true}[39m
              [33mtestID[39m=[32m"get-directions-button"[39m
            [36m>[39m
              [36m<Text>[39m
                [0mGet Directions[0m
              [36m</Text>[39m
            [36m</View>[39m
          [36m</View>[39m
        [36m</View>[39m
      [36m</View>[39m,
    ]

    [0m [90m 1337 |[39m       )[33m;[39m
     [90m 1338 |[39m
    [31m[1m>[22m[39m[90m 1339 |[39m       
fireEvent[33m.[39mpress(getByLabelText([32m"Use my current location as 
start"[39m))[33m;[39m
     [90m      |[39m                       [31m[1m^[22m[39m
     [90m 1340 |[39m
     [90m 1341 |[39m       
expect(mockUseMyLocation)[33m.[39mtoHaveBeenCalled()[33m;[39m
     [90m 1342 |[39m       expect(getByPlaceholderText([35m/From/[39m)[33m
.[39mprops[33m.[39mvalue)[33m.[39mtoBe([32m"My 
Location"[39m)[33m;[39m[0m

      at Object.getByLabelText (__tests__/NavigationBar.test.tsx:1339:23)

FAIL __tests__/IndoorMapScreen.test.tsx
  ΓùÅ Test suite failed to run

    TypeError: Cannot read properties of null (reading 'useState')

    [0m [90m 27 |[39m [36mimport[39m { getFloorImageMetadata } 
[36mfrom[39m [32m"../utils/mapAssets"[39m[33m;[39m
     [90m 28 |[39m [36mimport[39m { parseFloors } [36mfrom[39m 
[32m"../utils/routeParams"[39m[33m;[39m
    [31m[1m>[22m[39m[90m 29 |[39m [36mconst[39m 
[navOriginQuery[33m,[39m setNavOriginQuery] [33m=[39m 
useState([32m""[39m)[33m;[39m
     [90m    |[39m                                                     
[31m[1m^[22m[39m
     [90m 30 |[39m [36mconst[39m [navDestQuery[33m,[39m setNavDestQuery] 
[33m=[39m useState([32m""[39m)[33m;[39m
     [90m 31 |[39m [36mconst[39m [activeRoute[33m,[39m setActiveRoute] 
[33m=[39m useState[33m<[39m[33mNavigationRoute[39m [33m|[39m 
[36mnull[39m[33m>[39m([36mnull[39m)[33m;[39m
     [90m 32 |[39m [36mconst[39m [navError[33m,[39m setNavError] 
[33m=[39m useState[33m<[39m[33mstring[39m [33m|[39m 
[36mnull[39m[33m>[39m([36mnull[39m)[33m;[39m[0m

      at Object.<anonymous>.process.env.NODE_ENV.exports.useState 
(node_modules/react/cjs/react.development.js:1221:33)
      at Object.<anonymous> (app/IndoorMapScreen.tsx:29:53)
      at Object.require (__tests__/IndoorMapScreen.test.tsx:34:1)

PASS __tests__/CampusMap.test.tsx (7.266 s)
FAIL __tests__/CampusMapScreen.test.tsx (7.908 s)
  ΓùÅ CampusMapScreen ΓÇ║ Next Class Directions Panel ΓÇ║ opens indoor map for 
the next class and prefills the room query

    expect(jest.fn()).toHaveBeenCalledWith(...expected)

    - Expected
    + Received

      Object {
        "params": Object {
          "buildingName": "MB",
          "floors": "[1,-2]",
    -     "roomQuery": "1.210",
    +     "roomQuery": "MB-1.210",
        },
        "pathname": "/IndoorMapScreen",
      },

    Number of calls: 1

    [0m [90m 1049 |[39m       fireEvent[33m.[39mpress(screen[33m.[39mget
ByTestId([32m"next-class-open-indoor"[39m))[33m;[39m
     [90m 1050 |[39m
    [31m[1m>[22m[39m[90m 1051 |[39m       
expect(router[33m.[39mpush)[33m.[39mtoHaveBeenCalledWith({
     [90m      |[39m                           [31m[1m^[22m[39m
     [90m 1052 |[39m         pathname[33m:[39m 
[32m"/IndoorMapScreen"[39m[33m,[39m
     [90m 1053 |[39m         params[33m:[39m {
     [90m 1054 |[39m           buildingName[33m:[39m 
[32m"MB"[39m[33m,[39m[0m

      at Object.toHaveBeenCalledWith 
(__tests__/CampusMapScreen.test.tsx:1051:27)
      at asyncGeneratorStep 
(node_modules/@babel/runtime/helpers/asyncToGenerator.js:3:17)
      at _next (node_modules/@babel/runtime/helpers/asyncToGenerator.js:17:9)

  ΓùÅ CampusMapScreen ΓÇ║ Next Class Directions Panel ΓÇ║ shows Indoor button 
when selected building has a map and pushes indoor screen with floors

    Unable to find an element with testID: indoor-view-toggle

    [36m<View>[39m
      [36m<View>[39m
        [36m<Text[39m
          [33mtestID[39m=[32m"campus-map-props"[39m
        [36m>[39m
          [0m{"coordinates":{"latitude":1,"longitude":2},"focusTarget":"sgw","
startPoint":null,"destinationPoint":null,"strategy":{"mode":"walking","label":"
Walk","icon":"walk"}}[0m
        [36m</Text>[39m
        [36m<Text[39m
          [33mtestID[39m=[32m"campus-map-user-focus-counter"[39m
        [36m>[39m
          [0m0[0m
        [36m</Text>[39m
        [36m<Text[39m
          [33mtestID[39m=[32m"campus-map-route-focus-trigger"[39m
        [36m>[39m
          [0m0[0m
        [36m</Text>[39m
        [36m<View[39m
          [33maccessibilityRole[39m=[32m"button"[39m
          [33maccessible[39m=[32m{true}[39m
          [33mtestID[39m=[32m"trigger-get-directions"[39m
        [36m>[39m
          [36m<View>[39m
            [36m<Text>[39m
              [0mGet Directions[0m
            [36m</Text>[39m
          [36m</View>[39m
        [36m</View>[39m
        [36m<View[39m
          [33maccessibilityRole[39m=[32m"button"[39m
          [33maccessible[39m=[32m{true}[39m
          [33mtestID[39m=[32m"trigger-route-steps"[39m
        [36m>[39m
          [36m<View>[39m
            [36m<Text>[39m
              [0mSet Steps[0m
            [36m</Text>[39m
          [36m</View>[39m
        [36m</View>[39m
        [36m<View[39m
          [33maccessibilityRole[39m=[32m"button"[39m
          [33maccessible[39m=[32m{true}[39m
          [33mtestID[39m=[32m"trigger-set-as-start"[39m
        [36m>[39m
          [36m<View>[39m
            [36m<Text>[39m
              [0mSet As Start[0m
            [36m</Text>[39m
          [36m</View>[39m
        [36m</View>[39m
        [36m<View[39m
          [33maccessibilityRole[39m=[32m"button"[39m
          [33maccessible[39m=[32m{true}[39m
          [33mtestID[39m=[32m"trigger-set-my-location"[39m
        [36m>[39m
          [36m<View>[39m
            [36m<Text>[39m
              [0mSet My Location[0m
            [36m</Text>[39m
          [36m</View>[39m
        [36m</View>[39m
        [36m<View[39m
          [33maccessibilityRole[39m=[32m"button"[39m
          [33maccessible[39m=[32m{true}[39m
          [33mtestID[39m=[32m"trigger-building-with-map"[39m
        [36m>[39m
          [36m<View>[39m
            [36m<Text>[39m
              [0mSelect Building With Map[0m
            [36m</Text>[39m
          [36m</View>[39m
        [36m</View>[39m
        [36m<View[39m
          [33maccessibilityRole[39m=[32m"button"[39m
          [33maccessible[39m=[32m{true}[39m
          [33mtestID[39m=[32m"trigger-building-without-map"[39m
        [36m>[39m
          [36m<View>[39m
            [36m<Text>[39m
              [0mSelect Building Without Map[0m
            [36m</Text>[39m
          [36m</View>[39m
        [36m</View>[39m
        [36m<View[39m
          [33maccessibilityRole[39m=[32m"button"[39m
          [33maccessible[39m=[32m{true}[39m
          [33mtestID[39m=[32m"trigger-indoor-floors"[39m
        [36m>[39m
          [36m<View>[39m
            [36m<Text>[39m
              [0mSet Indoor Floors[0m
            [36m</Text>[39m
          [36m</View>[39m
        [36m</View>[39m
        [36m<View[39m
          [33maccessibilityRole[39m=[32m"button"[39m
          [33maccessible[39m=[32m{true}[39m
          [33mtestID[39m=[32m"trigger-popup-open-indoor"[39m
        [36m>[39m
          [36m<View>[39m
            [36m<Text>[39m
              [0mOpen Indoor From Popup[0m
            [36m</Text>[39m
          [36m</View>[39m
        [36m</View>[39m
      [36m</View>[39m
      [36m<View[39m
        [33mpointerEvents[39m=[32m"box-none"[39m
      [36m>[39m
        [36m<View>[39m
          [36m<View[39m
            [33maccessible[39m=[32m{true}[39m
            [33mtestID[39m=[32m"campus-toggle-sgw"[39m
          [36m>[39m
            [36m<Text>[39m
              [0mSGW[0m
            [36m</Text>[39m
          [36m</View>[39m
          [36m<View[39m
            [33maccessible[39m=[32m{true}[39m
            [33mtestID[39m=[32m"campus-toggle-loyola"[39m
          [36m>[39m
            [36m<Text>[39m
              [0mLoyola[0m
            [36m</Text>[39m
          [36m</View>[39m
        [36m</View>[39m
      [36m</View>[39m
      [36m<View>[39m
        [36m<View[39m
          [33maccessibilityLabel[39m=[32m"Show shuttle"[39m
          [33maccessibilityState[39m=[32m{
            {
              "disabled": false,
            }
          }[39m
          [33maccessible[39m=[32m{true}[39m
          [33mtestID[39m=[32m"show-shuttle-button"[39m
        [36m>[39m
          [36m<Text>[39m
            [0mbus-stop[0m
          [36m</Text>[39m
        [36m</View>[39m
        [36m<View[39m
          [33maccessibilityLabel[39m=[32m"shuttle-schedule-button"[39m
          [33maccessible[39m=[32m{true}[39m
          [33mtestID[39m=[32m"shuttle-schedule-button"[39m
        [36m>[39m
          [36m<Text>[39m
            [0mcalendar-clock[0m
          [36m</Text>[39m
        [36m</View>[39m
      [36m</View>[39m
      [36m<View>[39m
        [36m<View[39m
          [33maccessibilityLabel[39m=[32m"Navigate to next class"[39m
          [33maccessibilityState[39m=[32m{
            {
              "disabled": true,
            }
          }[39m
          [33maccessible[39m=[32m{true}[39m
          [33mtestID[39m=[32m"next-class-button"[39m
        [36m>[39m
          [36m<Text>[39m
            [0mschool[0m
          [36m</Text>[39m
        [36m</View>[39m
        [36m<View[39m
          [33maccessibilityLabel[39m=[32m"directions-button"[39m
          [33maccessible[39m=[32m{true}[39m
          [33mtestID[39m=[32m"directions-button"[39m
        [36m>[39m
          [36m<Text>[39m
            [0mdirections[0m
          [36m</Text>[39m
        [36m</View>[39m
        [36m<View[39m
          [33maccessibilityLabel[39m=[32m"my-location-button"[39m
          [33maccessible[39m=[32m{true}[39m
          [33mtestID[39m=[32m"my-location-button"[39m
        [36m>[39m
          [36m<Text>[39m
            [0mmy-location[0m
          [36m</Text>[39m
        [36m</View>[39m
      [36m</View>[39m
      [36m<View>[39m
        [36m<Text[39m
          [33mtestID[39m=[32m"nav-visible"[39m
        [36m>[39m
          [0mhidden[0m
        [36m</Text>[39m
        [36m<Text[39m
          [33mtestID[39m=[32m"nav-use-my-location-result"[39m
        [36m>[39m
          [0mnull[0m
        [36m</Text>[39m
        [36m<Text[39m
          [33mtestID[39m=[32m"nav-initial-start"[39m
        [36m>[39m
          [0mnull[0m
        [36m</Text>[39m
        [36m<Text[39m
          [33mtestID[39m=[32m"nav-initial-destination"[39m
        [36m>[39m
          [0mnull[0m
        [36m</Text>[39m
        [36m<Text[39m
          [33mtestID[39m=[32m"nav-auto-start"[39m
        [36m>[39m
          [0m{"name":"B","displayName":"B Building","boundingBox":[{"latitude"
:5,"longitude":0},{"latitude":5,"longitude":1},{"latitude":5,"longitude":2}]}[
0m
        [36m</Text>[39m
        [36m<View[39m
          [33maccessible[39m=[32m{true}[39m
          [33mtestID[39m=[32m"nav-confirm"[39m
        [36m>[39m
          [36m<Text>[39m
            [0mConfirm[0m
          [36m</Text>[39m
        [36m</View>[39m
        [36m<View[39m
          [33maccessible[39m=[32m{true}[39m
          [33mtestID[39m=[32m"nav-confirm-nullstart"[39m
        [36m>[39m
          [36m<Text>[39m
            [0mConfirm Null Start[0m
          [36m</Text>[39m
        [36m</View>[39m
        [36m<View[39m
          [33maccessible[39m=[32m{true}[39m
          [33mtestID[39m=[32m"nav-start-applied"[39m
        [36m>[39m
          [36m<Text>[39m
            [0mStart Applied[0m
          [36m</Text>[39m
        [36m</View>[39m
        [36m<View[39m
          [33maccessible[39m=[32m{true}[39m
          [33mtestID[39m=[32m"nav-applied"[39m
        [36m>[39m
          [36m<Text>[39m
            [0mApplied[0m
          [36m</Text>[39m
        [36m</View>[39m
        [36m<View[39m
          [33maccessible[39m=[32m{true}[39m
          [33mtestID[39m=[32m"nav-use-my-location"[39m
        [36m>[39m
          [36m<Text>[39m
            [0mUse My Location[0m
          [36m</Text>[39m
        [36m</View>[39m
        [36m<View[39m
          [33maccessible[39m=[32m{true}[39m
          [33mtestID[39m=[32m"nav-close"[39m
        [36m>[39m
          [36m<Text>[39m
            [0mClose[0m
          [36m</Text>[39m
        [36m</View>[39m
      [36m</View>[39m
      [36m<View[39m
        [33mtestID[39m=[32m"next-class-panel"[39m
      [36m>[39m
        [36m<Text[39m
          [33mtestID[39m=[32m"next-class-visible"[39m
        [36m>[39m
          [0mhidden[0m
        [36m</Text>[39m
        [36m<Text[39m
          [33mtestID[39m=[32m"next-class-info"[39m
        [36m>[39m
          [0mnull[0m
        [36m</Text>[39m
        [36m<Text[39m
          [33mtestID[39m=[32m"next-class-use-location-result"[39m
        [36m>[39m
          [0mnull[0m
        [36m</Text>[39m
        [36m<View[39m
          [33maccessible[39m=[32m{true}[39m
          [33mtestID[39m=[32m"next-class-confirm"[39m
        [36m>[39m
          [36m<Text>[39m
            [0mConfirm[0m
          [36m</Text>[39m
        [36m</View>[39m
        [36m<View[39m
          [33maccessible[39m=[32m{true}[39m
          [33mtestID[39m=[32m"next-class-close"[39m
        [36m>[39m
          [36m<Text>[39m
            [0mClose[0m
          [36m</Text>[39m
        [36m</View>[39m
        [36m<View[39m
          [33maccessible[39m=[32m{true}[39m
          [33mtestID[39m=[32m"next-class-use-location"[39m
        [36m>[39m
          [36m<Text>[39m
            [0mUse Location[0m
          [36m</Text>[39m
        [36m</View>[39m
      [36m</View>[39m
    [36m</View>[39m

    [0m [90m 1065 |[39m       fireEvent[33m.[39mpress(screen[33m.[39mget
ByTestId([32m"trigger-building-with-map"[39m))[33m;[39m
     [90m 1066 |[39m
    [31m[1m>[22m[39m[90m 1067 |[39m       [36mconst[39m indoorButton 
[33m=[39m 
screen[33m.[39mgetByTestId([32m"indoor-view-toggle"[39m)[33m;[39m
     [90m      |[39m                                   [31m[1m^[22m[39m
     [90m 1068 |[39m       
expect(indoorButton)[33m.[39mtoBeTruthy()[33m;[39m
     [90m 1069 |[39m
     [90m 1070 |[39m       
fireEvent[33m.[39mpress(indoorButton)[33m;[39m[0m

      at Object.getByTestId (__tests__/CampusMapScreen.test.tsx:1067:35)
      at asyncGeneratorStep 
(node_modules/@babel/runtime/helpers/asyncToGenerator.js:3:17)
      at _next (node_modules/@babel/runtime/helpers/asyncToGenerator.js:17:9)

  ΓùÅ CampusMapScreen ΓÇ║ Next Class Directions Panel ΓÇ║ hides Indoor button 
after switching from a mapped building to a non-mapped building

    Unable to find an element with testID: indoor-view-toggle

    [36m<View>[39m
      [36m<View>[39m
        [36m<Text[39m
          [33mtestID[39m=[32m"campus-map-props"[39m
        [36m>[39m
          [0m{"coordinates":{"latitude":1,"longitude":2},"focusTarget":"sgw","
startPoint":null,"destinationPoint":null,"strategy":{"mode":"walking","label":"
Walk","icon":"walk"}}[0m
        [36m</Text>[39m
        [36m<Text[39m
          [33mtestID[39m=[32m"campus-map-user-focus-counter"[39m
        [36m>[39m
          [0m0[0m
        [36m</Text>[39m
        [36m<Text[39m
          [33mtestID[39m=[32m"campus-map-route-focus-trigger"[39m
        [36m>[39m
          [0m0[0m
        [36m</Text>[39m
        [36m<View[39m
          [33maccessibilityRole[39m=[32m"button"[39m
          [33maccessible[39m=[32m{true}[39m
          [33mtestID[39m=[32m"trigger-get-directions"[39m
        [36m>[39m
          [36m<View>[39m
            [36m<Text>[39m
              [0mGet Directions[0m
            [36m</Text>[39m
          [36m</View>[39m
        [36m</View>[39m
        [36m<View[39m
          [33maccessibilityRole[39m=[32m"button"[39m
          [33maccessible[39m=[32m{true}[39m
          [33mtestID[39m=[32m"trigger-route-steps"[39m
        [36m>[39m
          [36m<View>[39m
            [36m<Text>[39m
              [0mSet Steps[0m
            [36m</Text>[39m
          [36m</View>[39m
        [36m</View>[39m
        [36m<View[39m
          [33maccessibilityRole[39m=[32m"button"[39m
          [33maccessible[39m=[32m{true}[39m
          [33mtestID[39m=[32m"trigger-set-as-start"[39m
        [36m>[39m
          [36m<View>[39m
            [36m<Text>[39m
              [0mSet As Start[0m
            [36m</Text>[39m
          [36m</View>[39m
        [36m</View>[39m
        [36m<View[39m
          [33maccessibilityRole[39m=[32m"button"[39m
          [33maccessible[39m=[32m{true}[39m
          [33mtestID[39m=[32m"trigger-set-my-location"[39m
        [36m>[39m
          [36m<View>[39m
            [36m<Text>[39m
              [0mSet My Location[0m
            [36m</Text>[39m
          [36m</View>[39m
        [36m</View>[39m
        [36m<View[39m
          [33maccessibilityRole[39m=[32m"button"[39m
          [33maccessible[39m=[32m{true}[39m
          [33mtestID[39m=[32m"trigger-building-with-map"[39m
        [36m>[39m
          [36m<View>[39m
            [36m<Text>[39m
              [0mSelect Building With Map[0m
            [36m</Text>[39m
          [36m</View>[39m
        [36m</View>[39m
        [36m<View[39m
          [33maccessibilityRole[39m=[32m"button"[39m
          [33maccessible[39m=[32m{true}[39m
          [33mtestID[39m=[32m"trigger-building-without-map"[39m
        [36m>[39m
          [36m<View>[39m
            [36m<Text>[39m
              [0mSelect Building Without Map[0m
            [36m</Text>[39m
          [36m</View>[39m
        [36m</View>[39m
        [36m<View[39m
          [33maccessibilityRole[39m=[32m"button"[39m
          [33maccessible[39m=[32m{true}[39m
          [33mtestID[39m=[32m"trigger-indoor-floors"[39m
        [36m>[39m
          [36m<View>[39m
            [36m<Text>[39m
              [0mSet Indoor Floors[0m
            [36m</Text>[39m
          [36m</View>[39m
        [36m</View>[39m
        [36m<View[39m
          [33maccessibilityRole[39m=[32m"button"[39m
          [33maccessible[39m=[32m{true}[39m
          [33mtestID[39m=[32m"trigger-popup-open-indoor"[39m
        [36m>[39m
          [36m<View>[39m
            [36m<Text>[39m
              [0mOpen Indoor From Popup[0m
            [36m</Text>[39m
          [36m</View>[39m
        [36m</View>[39m
      [36m</View>[39m
      [36m<View[39m
        [33mpointerEvents[39m=[32m"box-none"[39m
      [36m>[39m
        [36m<View>[39m
          [36m<View[39m
            [33maccessible[39m=[32m{true}[39m
            [33mtestID[39m=[32m"campus-toggle-sgw"[39m
          [36m>[39m
            [36m<Text>[39m
              [0mSGW[0m
            [36m</Text>[39m
          [36m</View>[39m
          [36m<View[39m
            [33maccessible[39m=[32m{true}[39m
            [33mtestID[39m=[32m"campus-toggle-loyola"[39m
          [36m>[39m
            [36m<Text>[39m
              [0mLoyola[0m
            [36m</Text>[39m
          [36m</View>[39m
        [36m</View>[39m
      [36m</View>[39m
      [36m<View>[39m
        [36m<View[39m
          [33maccessibilityLabel[39m=[32m"Show shuttle"[39m
          [33maccessibilityState[39m=[32m{
            {
              "disabled": false,
            }
          }[39m
          [33maccessible[39m=[32m{true}[39m
          [33mtestID[39m=[32m"show-shuttle-button"[39m
        [36m>[39m
          [36m<Text>[39m
            [0mbus-stop[0m
          [36m</Text>[39m
        [36m</View>[39m
        [36m<View[39m
          [33maccessibilityLabel[39m=[32m"shuttle-schedule-button"[39m
          [33maccessible[39m=[32m{true}[39m
          [33mtestID[39m=[32m"shuttle-schedule-button"[39m
        [36m>[39m
          [36m<Text>[39m
            [0mcalendar-clock[0m
          [36m</Text>[39m
        [36m</View>[39m
      [36m</View>[39m
      [36m<View>[39m
        [36m<View[39m
          [33maccessibilityLabel[39m=[32m"Navigate to next class"[39m
          [33maccessibilityState[39m=[32m{
            {
              "disabled": true,
            }
          }[39m
          [33maccessible[39m=[32m{true}[39m
          [33mtestID[39m=[32m"next-class-button"[39m
        [36m>[39m
          [36m<Text>[39m
            [0mschool[0m
          [36m</Text>[39m
        [36m</View>[39m
        [36m<View[39m
          [33maccessibilityLabel[39m=[32m"directions-button"[39m
          [33maccessible[39m=[32m{true}[39m
          [33mtestID[39m=[32m"directions-button"[39m
        [36m>[39m
          [36m<Text>[39m
            [0mdirections[0m
          [36m</Text>[39m
        [36m</View>[39m
        [36m<View[39m
          [33maccessibilityLabel[39m=[32m"my-location-button"[39m
          [33maccessible[39m=[32m{true}[39m
          [33mtestID[39m=[32m"my-location-button"[39m
        [36m>[39m
          [36m<Text>[39m
            [0mmy-location[0m
          [36m</Text>[39m
        [36m</View>[39m
      [36m</View>[39m
      [36m<View>[39m
        [36m<Text[39m
          [33mtestID[39m=[32m"nav-visible"[39m
        [36m>[39m
          [0mhidden[0m
        [36m</Text>[39m
        [36m<Text[39m
          [33mtestID[39m=[32m"nav-use-my-location-result"[39m
        [36m>[39m
          [0mnull[0m
        [36m</Text>[39m
        [36m<Text[39m
          [33mtestID[39m=[32m"nav-initial-start"[39m
        [36m>[39m
          [0mnull[0m
        [36m</Text>[39m
        [36m<Text[39m
          [33mtestID[39m=[32m"nav-initial-destination"[39m
        [36m>[39m
          [0mnull[0m
        [36m</Text>[39m
        [36m<Text[39m
          [33mtestID[39m=[32m"nav-auto-start"[39m
        [36m>[39m
          [0m{"name":"B","displayName":"B Building","boundingBox":[{"latitude"
:5,"longitude":0},{"latitude":5,"longitude":1},{"latitude":5,"longitude":2}]}[
0m
        [36m</Text>[39m
        [36m<View[39m
          [33maccessible[39m=[32m{true}[39m
          [33mtestID[39m=[32m"nav-confirm"[39m
        [36m>[39m
          [36m<Text>[39m
            [0mConfirm[0m
          [36m</Text>[39m
        [36m</View>[39m
        [36m<View[39m
          [33maccessible[39m=[32m{true}[39m
          [33mtestID[39m=[32m"nav-confirm-nullstart"[39m
        [36m>[39m
          [36m<Text>[39m
            [0mConfirm Null Start[0m
          [36m</Text>[39m
        [36m</View>[39m
        [36m<View[39m
          [33maccessible[39m=[32m{true}[39m
          [33mtestID[39m=[32m"nav-start-applied"[39m
        [36m>[39m
          [36m<Text>[39m
            [0mStart Applied[0m
          [36m</Text>[39m
        [36m</View>[39m
        [36m<View[39m
          [33maccessible[39m=[32m{true}[39m
          [33mtestID[39m=[32m"nav-applied"[39m
        [36m>[39m
          [36m<Text>[39m
            [0mApplied[0m
          [36m</Text>[39m
        [36m</View>[39m
        [36m<View[39m
          [33maccessible[39m=[32m{true}[39m
          [33mtestID[39m=[32m"nav-use-my-location"[39m
        [36m>[39m
          [36m<Text>[39m
            [0mUse My Location[0m
          [36m</Text>[39m
        [36m</View>[39m
        [36m<View[39m
          [33maccessible[39m=[32m{true}[39m
          [33mtestID[39m=[32m"nav-close"[39m
        [36m>[39m
          [36m<Text>[39m
            [0mClose[0m
          [36m</Text>[39m
        [36m</View>[39m
      [36m</View>[39m
      [36m<View[39m
        [33mtestID[39m=[32m"next-class-panel"[39m
      [36m>[39m
        [36m<Text[39m
          [33mtestID[39m=[32m"next-class-visible"[39m
        [36m>[39m
          [0mhidden[0m
        [36m</Text>[39m
        [36m<Text[39m
          [33mtestID[39m=[32m"next-class-info"[39m
        [36m>[39m
          [0mnull[0m
        [36m</Text>[39m
        [36m<Text[39m
          [33mtestID[39m=[32m"next-class-use-location-result"[39m
        [36m>[39m
          [0mnull[0m
        [36m</Text>[39m
        [36m<View[39m
          [33maccessible[39m=[32m{true}[39m
          [33mtestID[39m=[32m"next-class-confirm"[39m
        [36m>[39m
          [36m<Text>[39m
            [0mConfirm[0m
          [36m</Text>[39m
        [36m</View>[39m
        [36m<View[39m
          [33maccessible[39m=[32m{true}[39m
          [33mtestID[39m=[32m"next-class-close"[39m
        [36m>[39m
          [36m<Text>[39m
            [0mClose[0m
          [36m</Text>[39m
        [36m</View>[39m
        [36m<View[39m
          [33maccessible[39m=[32m{true}[39m
          [33mtestID[39m=[32m"next-class-use-location"[39m
        [36m>[39m
          [36m<Text>[39m
            [0mUse Location[0m
          [36m</Text>[39m
        [36m</View>[39m
      [36m</View>[39m
    [36m</View>[39m

    [0m [90m 1197 |[39m
     [90m 1198 |[39m       fireEvent[33m.[39mpress(screen[33m.[39mgetByTe
stId([32m"trigger-building-with-map"[39m))[33m;[39m
    [31m[1m>[22m[39m[90m 1199 |[39m       expect(screen[33m.[39mgetByTe
stId([32m"indoor-view-toggle"[39m))[33m.[39mtoBeTruthy()[33m;[39m
     [90m      |[39m                     [31m[1m^[22m[39m
     [90m 1200 |[39m
     [90m 1201 |[39m       fireEvent[33m.[39mpress(screen[33m.[39mgetByTe
stId([32m"trigger-building-without-map"[39m))[33m;[39m
     [90m 1202 |[39m       expect(screen[33m.[39mqueryByTestId([32m"indoor
-view-toggle"[39m))[33m.[39mtoBeNull()[33m;[39m[0m

      at Object.getByTestId (__tests__/CampusMapScreen.test.tsx:1199:21)
      at asyncGeneratorStep 
(node_modules/@babel/runtime/helpers/asyncToGenerator.js:3:17)
      at _next (node_modules/@babel/runtime/helpers/asyncToGenerator.js:17:9)

  ΓùÅ CampusMapScreen ΓÇ║ Next Class Directions Panel ΓÇ║ uses the latest 
indoor floors when navigating to Indoor

    Unable to find an element with testID: indoor-view-toggle

    [36m<View>[39m
      [36m<View>[39m
        [36m<Text[39m
          [33mtestID[39m=[32m"campus-map-props"[39m
        [36m>[39m
          [0m{"coordinates":{"latitude":1,"longitude":2},"focusTarget":"sgw","
startPoint":null,"destinationPoint":null,"strategy":{"mode":"walking","label":"
Walk","icon":"walk"}}[0m
        [36m</Text>[39m
        [36m<Text[39m
          [33mtestID[39m=[32m"campus-map-user-focus-counter"[39m
        [36m>[39m
          [0m0[0m
        [36m</Text>[39m
        [36m<Text[39m
          [33mtestID[39m=[32m"campus-map-route-focus-trigger"[39m
        [36m>[39m
          [0m0[0m
        [36m</Text>[39m
        [36m<View[39m
          [33maccessibilityRole[39m=[32m"button"[39m
          [33maccessible[39m=[32m{true}[39m
          [33mtestID[39m=[32m"trigger-get-directions"[39m
        [36m>[39m
          [36m<View>[39m
            [36m<Text>[39m
              [0mGet Directions[0m
            [36m</Text>[39m
          [36m</View>[39m
        [36m</View>[39m
        [36m<View[39m
          [33maccessibilityRole[39m=[32m"button"[39m
          [33maccessible[39m=[32m{true}[39m
          [33mtestID[39m=[32m"trigger-route-steps"[39m
        [36m>[39m
          [36m<View>[39m
            [36m<Text>[39m
              [0mSet Steps[0m
            [36m</Text>[39m
          [36m</View>[39m
        [36m</View>[39m
        [36m<View[39m
          [33maccessibilityRole[39m=[32m"button"[39m
          [33maccessible[39m=[32m{true}[39m
          [33mtestID[39m=[32m"trigger-set-as-start"[39m
        [36m>[39m
          [36m<View>[39m
            [36m<Text>[39m
              [0mSet As Start[0m
            [36m</Text>[39m
          [36m</View>[39m
        [36m</View>[39m
        [36m<View[39m
          [33maccessibilityRole[39m=[32m"button"[39m
          [33maccessible[39m=[32m{true}[39m
          [33mtestID[39m=[32m"trigger-set-my-location"[39m
        [36m>[39m
          [36m<View>[39m
            [36m<Text>[39m
              [0mSet My Location[0m
            [36m</Text>[39m
          [36m</View>[39m
        [36m</View>[39m
        [36m<View[39m
          [33maccessibilityRole[39m=[32m"button"[39m
          [33maccessible[39m=[32m{true}[39m
          [33mtestID[39m=[32m"trigger-building-with-map"[39m
        [36m>[39m
          [36m<View>[39m
            [36m<Text>[39m
              [0mSelect Building With Map[0m
            [36m</Text>[39m
          [36m</View>[39m
        [36m</View>[39m
        [36m<View[39m
          [33maccessibilityRole[39m=[32m"button"[39m
          [33maccessible[39m=[32m{true}[39m
          [33mtestID[39m=[32m"trigger-building-without-map"[39m
        [36m>[39m
          [36m<View>[39m
            [36m<Text>[39m
              [0mSelect Building Without Map[0m
            [36m</Text>[39m
          [36m</View>[39m
        [36m</View>[39m
        [36m<View[39m
          [33maccessibilityRole[39m=[32m"button"[39m
          [33maccessible[39m=[32m{true}[39m
          [33mtestID[39m=[32m"trigger-indoor-floors"[39m
        [36m>[39m
          [36m<View>[39m
            [36m<Text>[39m
              [0mSet Indoor Floors[0m
            [36m</Text>[39m
          [36m</View>[39m
        [36m</View>[39m
        [36m<View[39m
          [33maccessibilityRole[39m=[32m"button"[39m
          [33maccessible[39m=[32m{true}[39m
          [33mtestID[39m=[32m"trigger-popup-open-indoor"[39m
        [36m>[39m
          [36m<View>[39m
            [36m<Text>[39m
              [0mOpen Indoor From Popup[0m
            [36m</Text>[39m
          [36m</View>[39m
        [36m</View>[39m
      [36m</View>[39m
      [36m<View[39m
        [33mpointerEvents[39m=[32m"box-none"[39m
      [36m>[39m
        [36m<View>[39m
          [36m<View[39m
            [33maccessible[39m=[32m{true}[39m
            [33mtestID[39m=[32m"campus-toggle-sgw"[39m
          [36m>[39m
            [36m<Text>[39m
              [0mSGW[0m
            [36m</Text>[39m
          [36m</View>[39m
          [36m<View[39m
            [33maccessible[39m=[32m{true}[39m
            [33mtestID[39m=[32m"campus-toggle-loyola"[39m
          [36m>[39m
            [36m<Text>[39m
              [0mLoyola[0m
            [36m</Text>[39m
          [36m</View>[39m
        [36m</View>[39m
      [36m</View>[39m
      [36m<View>[39m
        [36m<View[39m
          [33maccessibilityLabel[39m=[32m"Show shuttle"[39m
          [33maccessibilityState[39m=[32m{
            {
              "disabled": false,
            }
          }[39m
          [33maccessible[39m=[32m{true}[39m
          [33mtestID[39m=[32m"show-shuttle-button"[39m
        [36m>[39m
          [36m<Text>[39m
            [0mbus-stop[0m
          [36m</Text>[39m
        [36m</View>[39m
        [36m<View[39m
          [33maccessibilityLabel[39m=[32m"shuttle-schedule-button"[39m
          [33maccessible[39m=[32m{true}[39m
          [33mtestID[39m=[32m"shuttle-schedule-button"[39m
        [36m>[39m
          [36m<Text>[39m
            [0mcalendar-clock[0m
          [36m</Text>[39m
        [36m</View>[39m
      [36m</View>[39m
      [36m<View>[39m
        [36m<View[39m
          [33maccessibilityLabel[39m=[32m"Navigate to next class"[39m
          [33maccessibilityState[39m=[32m{
            {
              "disabled": true,
            }
          }[39m
          [33maccessible[39m=[32m{true}[39m
          [33mtestID[39m=[32m"next-class-button"[39m
        [36m>[39m
          [36m<Text>[39m
            [0mschool[0m
          [36m</Text>[39m
        [36m</View>[39m
        [36m<View[39m
          [33maccessibilityLabel[39m=[32m"directions-button"[39m
          [33maccessible[39m=[32m{true}[39m
          [33mtestID[39m=[32m"directions-button"[39m
        [36m>[39m
          [36m<Text>[39m
            [0mdirections[0m
          [36m</Text>[39m
        [36m</View>[39m
        [36m<View[39m
          [33maccessibilityLabel[39m=[32m"my-location-button"[39m
          [33maccessible[39m=[32m{true}[39m
          [33mtestID[39m=[32m"my-location-button"[39m
        [36m>[39m
          [36m<Text>[39m
            [0mmy-location[0m
          [36m</Text>[39m
        [36m</View>[39m
      [36m</View>[39m
      [36m<View>[39m
        [36m<Text[39m
          [33mtestID[39m=[32m"nav-visible"[39m
        [36m>[39m
          [0mhidden[0m
        [36m</Text>[39m
        [36m<Text[39m
          [33mtestID[39m=[32m"nav-use-my-location-result"[39m
        [36m>[39m
          [0mnull[0m
        [36m</Text>[39m
        [36m<Text[39m
          [33mtestID[39m=[32m"nav-initial-start"[39m
        [36m>[39m
          [0mnull[0m
        [36m</Text>[39m
        [36m<Text[39m
          [33mtestID[39m=[32m"nav-initial-destination"[39m
        [36m>[39m
          [0mnull[0m
        [36m</Text>[39m
        [36m<Text[39m
          [33mtestID[39m=[32m"nav-auto-start"[39m
        [36m>[39m
          [0m{"name":"B","displayName":"B Building","boundingBox":[{"latitude"
:5,"longitude":0},{"latitude":5,"longitude":1},{"latitude":5,"longitude":2}]}[
0m
        [36m</Text>[39m
        [36m<View[39m
          [33maccessible[39m=[32m{true}[39m
          [33mtestID[39m=[32m"nav-confirm"[39m
        [36m>[39m
          [36m<Text>[39m
            [0mConfirm[0m
          [36m</Text>[39m
        [36m</View>[39m
        [36m<View[39m
          [33maccessible[39m=[32m{true}[39m
          [33mtestID[39m=[32m"nav-confirm-nullstart"[39m
        [36m>[39m
          [36m<Text>[39m
            [0mConfirm Null Start[0m
          [36m</Text>[39m
        [36m</View>[39m
        [36m<View[39m
          [33maccessible[39m=[32m{true}[39m
          [33mtestID[39m=[32m"nav-start-applied"[39m
        [36m>[39m
          [36m<Text>[39m
            [0mStart Applied[0m
          [36m</Text>[39m
        [36m</View>[39m
        [36m<View[39m
          [33maccessible[39m=[32m{true}[39m
          [33mtestID[39m=[32m"nav-applied"[39m
        [36m>[39m
          [36m<Text>[39m
            [0mApplied[0m
          [36m</Text>[39m
        [36m</View>[39m
        [36m<View[39m
          [33maccessible[39m=[32m{true}[39m
          [33mtestID[39m=[32m"nav-use-my-location"[39m
        [36m>[39m
          [36m<Text>[39m
            [0mUse My Location[0m
          [36m</Text>[39m
        [36m</View>[39m
        [36m<View[39m
          [33maccessible[39m=[32m{true}[39m
          [33mtestID[39m=[32m"nav-close"[39m
        [36m>[39m
          [36m<Text>[39m
            [0mClose[0m
          [36m</Text>[39m
        [36m</View>[39m
      [36m</View>[39m
      [36m<View[39m
        [33mtestID[39m=[32m"next-class-panel"[39m
      [36m>[39m
        [36m<Text[39m
          [33mtestID[39m=[32m"next-class-visible"[39m
        [36m>[39m
          [0mhidden[0m
        [36m</Text>[39m
        [36m<Text[39m
          [33mtestID[39m=[32m"next-class-info"[39m
        [36m>[39m
          [0mnull[0m
        [36m</Text>[39m
        [36m<Text[39m
          [33mtestID[39m=[32m"next-class-use-location-result"[39m
        [36m>[39m
          [0mnull[0m
        [36m</Text>[39m
        [36m<View[39m
          [33maccessible[39m=[32m{true}[39m
          [33mtestID[39m=[32m"next-class-confirm"[39m
        [36m>[39m
          [36m<Text>[39m
            [0mConfirm[0m
          [36m</Text>[39m
        [36m</View>[39m
        [36m<View[39m
          [33maccessible[39m=[32m{true}[39m
          [33mtestID[39m=[32m"next-class-close"[39m
        [36m>[39m
          [36m<Text>[39m
            [0mClose[0m
          [36m</Text>[39m
        [36m</View>[39m
        [36m<View[39m
          [33maccessible[39m=[32m{true}[39m
          [33mtestID[39m=[32m"next-class-use-location"[39m
        [36m>[39m
          [36m<Text>[39m
            [0mUse Location[0m
          [36m</Text>[39m
        [36m</View>[39m
      [36m</View>[39m
    [36m</View>[39m

    [0m [90m 1208 |[39m
     [90m 1209 |[39m       fireEvent[33m.[39mpress(screen[33m.[39mgetByTe
stId([32m"trigger-building-with-map"[39m))[33m;[39m
    [31m[1m>[22m[39m[90m 1210 |[39m       fireEvent[33m.[39mpress(scree
n[33m.[39mgetByTestId([32m"indoor-view-toggle"[39m))[33m;[39m
     [90m      |[39m                              [31m[1m^[22m[39m
     [90m 1211 |[39m
     [90m 1212 |[39m       
expect(router[33m.[39mpush)[33m.[39mtoHaveBeenCalledWith({
     [90m 1213 |[39m         pathname[33m:[39m 
[32m"/IndoorMapScreen"[39m[33m,[39m[0m

      at Object.getByTestId (__tests__/CampusMapScreen.test.tsx:1210:30)
      at asyncGeneratorStep 
(node_modules/@babel/runtime/helpers/asyncToGenerator.js:3:17)
      at _next (node_modules/@babel/runtime/helpers/asyncToGenerator.js:17:9)

Summary of all failing tests
FAIL __tests__/NavigationBar.test.tsx (6.846 s)
  ΓùÅ NavigationBar ΓÇ║ PanResponder - Swipe Gestures ΓÇ║ Building Picker 
(List Button) ΓÇ║ filters buildings by campus and valid bounding box when 
picker is opened

    Unable to find an element with accessibility label: Pick starting building 
from list

    [
      [36m<View[39m
        [33maccessible[39m=[32m{true}[39m
      [36m/>[39m,
      [36m<View[39m
        [33mpointerEvents[39m=[32m"box-none"[39m
      [36m>[39m
        [36m<View>[39m
          [36m<View>[39m
            [36m<View />[39m
          [36m</View>[39m
          [36m<View>[39m
            [36m<View>[39m
              [36m<View>[39m
                [36m<View>[39m
                  [36m<View />[39m
                [36m</View>[39m
                [36m<TextInput[39m
                  [33mplaceholder[39m=[32m"From ΓÇö building or room (e.g. 
H-110)"[39m
                  [33mtestID[39m=[32m"start-location-input"[39m
                  [33mvalue[39m=[32m""[39m
                [36m/>[39m
                [36m<View[39m
                  [33maccessibilityLabel[39m=[32m"Pick from list"[39m
                  [33maccessibilityRole[39m=[32m"button"[39m
                  [33maccessible[39m=[32m{true}[39m
                [36m>[39m
                  [36m<MaterialIcons />[39m
                [36m</View>[39m
              [36m</View>[39m
              [36m<View[39m
                [33maccessibilityLabel[39m=[32m"Swap origin and 
destination"[39m
                [33maccessibilityRole[39m=[32m"button"[39m
                [33maccessible[39m=[32m{true}[39m
              [36m>[39m
                [36m<MaterialIcons />[39m
              [36m</View>[39m
              [36m<View>[39m
                [36m<View>[39m
                  [36m<MaterialIcons />[39m
                [36m</View>[39m
                [36m<TextInput[39m
                  [33mplaceholder[39m=[32m"To ΓÇö building or room (e.g. 
MB-1.210)"[39m
                  [33mtestID[39m=[32m"dest-location-input"[39m
                  [33mvalue[39m=[32m""[39m
                [36m/>[39m
                [36m<View[39m
                  [33maccessibilityLabel[39m=[32m"Pick from list"[39m
                  [33maccessibilityRole[39m=[32m"button"[39m
                  [33maccessible[39m=[32m{true}[39m
                [36m>[39m
                  [36m<MaterialIcons />[39m
                [36m</View>[39m
              [36m</View>[39m
            [36m</View>[39m
            [36m<View>[39m
              [36m<View>[39m
                [36m<View[39m
                  [33maccessible[39m=[32m{true}[39m
                  [33mtestID[39m=[32m"mode-button-walking"[39m
                [36m>[39m
                  [36m<MaterialCommunityIcons />[39m
                  [36m<Text>[39m
                    [0mWalk[0m
                  [36m</Text>[39m
                [36m</View>[39m
                [36m<View[39m
                  [33maccessible[39m=[32m{true}[39m
                  [33mtestID[39m=[32m"mode-button-bicycling"[39m
                [36m>[39m
                  [36m<MaterialCommunityIcons />[39m
                  [36m<Text>[39m
                    [0mBike[0m
                  [36m</Text>[39m
                [36m</View>[39m
                [36m<View[39m
                  [33maccessible[39m=[32m{true}[39m
                  [33mtestID[39m=[32m"mode-button-driving"[39m
                [36m>[39m
                  [36m<MaterialCommunityIcons />[39m
                  [36m<Text>[39m
                    [0mCar[0m
                  [36m</Text>[39m
                [36m</View>[39m
                [36m<View[39m
                  [33maccessible[39m=[32m{true}[39m
                  [33mtestID[39m=[32m"mode-button-transit"[39m
                [36m>[39m
                  [36m<MaterialCommunityIcons />[39m
                  [36m<Text>[39m
                    [0mTransit[0m
                  [36m</Text>[39m
                [36m</View>[39m
                [36m<View[39m
                  [33maccessible[39m=[32m{true}[39m
                  [33mtestID[39m=[32m"mode-button-shuttle"[39m
                [36m>[39m
                  [36m<MaterialCommunityIcons />[39m
                  [36m<Text>[39m
                    [0mShuttle[0m
                  [36m</Text>[39m
                [36m</View>[39m
              [36m</View>[39m
            [36m</View>[39m
            [36m<View[39m
              [33maccessible[39m=[32m{true}[39m
              [33mtestID[39m=[32m"get-directions-button"[39m
            [36m>[39m
              [36m<Text>[39m
                [0mGet Directions[0m
              [36m</Text>[39m
            [36m</View>[39m
          [36m</View>[39m
        [36m</View>[39m
      [36m</View>[39m,
    ]

    [0m [90m 578 |[39m         )[33m;[39m
     [90m 579 |[39m
    [31m[1m>[22m[39m[90m 580 |[39m         [36mconst[39m listButton 
[33m=[39m getByLabelText([32m"Pick starting building from 
list"[39m)[33m;[39m
     [90m     |[39m                            [31m[1m^[22m[39m
     [90m 581 |[39m         fireEvent[33m.[39mpress(listButton)[33m;[39m
     [90m 582 |[39m
     [90m 583 |[39m         expect(getByText([32m"Richard J Renaud Science 
Complex (SP)"[39m))[33m.[39mtoBeTruthy()[33m;[39m[0m

      at Object.getByLabelText (__tests__/NavigationBar.test.tsx:580:28)
      at asyncGeneratorStep 
(node_modules/@babel/runtime/helpers/asyncToGenerator.js:3:17)
      at _next (node_modules/@babel/runtime/helpers/asyncToGenerator.js:17:9)
      at node_modules/@babel/runtime/helpers/asyncToGenerator.js:22:7
      at Object.<anonymous> 
(node_modules/@babel/runtime/helpers/asyncToGenerator.js:14:12)

  ΓùÅ NavigationBar ΓÇ║ Building Picker Toggle ΓÇ║ closes building picker when 
same list button is pressed a second time

    Unable to find an element with accessibility label: Pick starting building 
from list

    [
      [36m<View[39m
        [33maccessible[39m=[32m{true}[39m
      [36m/>[39m,
      [36m<View[39m
        [33mpointerEvents[39m=[32m"box-none"[39m
      [36m>[39m
        [36m<View>[39m
          [36m<View>[39m
            [36m<View />[39m
          [36m</View>[39m
          [36m<View>[39m
            [36m<View>[39m
              [36m<View>[39m
                [36m<View>[39m
                  [36m<View />[39m
                [36m</View>[39m
                [36m<TextInput[39m
                  [33mplaceholder[39m=[32m"From ΓÇö building or room (e.g. 
H-110)"[39m
                  [33mtestID[39m=[32m"start-location-input"[39m
                  [33mvalue[39m=[32m""[39m
                [36m/>[39m
                [36m<View[39m
                  [33maccessibilityLabel[39m=[32m"Pick from list"[39m
                  [33maccessibilityRole[39m=[32m"button"[39m
                  [33maccessible[39m=[32m{true}[39m
                [36m>[39m
                  [36m<MaterialIcons />[39m
                [36m</View>[39m
              [36m</View>[39m
              [36m<View[39m
                [33maccessibilityLabel[39m=[32m"Swap origin and 
destination"[39m
                [33maccessibilityRole[39m=[32m"button"[39m
                [33maccessible[39m=[32m{true}[39m
              [36m>[39m
                [36m<MaterialIcons />[39m
              [36m</View>[39m
              [36m<View>[39m
                [36m<View>[39m
                  [36m<MaterialIcons />[39m
                [36m</View>[39m
                [36m<TextInput[39m
                  [33mplaceholder[39m=[32m"To ΓÇö building or room (e.g. 
MB-1.210)"[39m
                  [33mtestID[39m=[32m"dest-location-input"[39m
                  [33mvalue[39m=[32m""[39m
                [36m/>[39m
                [36m<View[39m
                  [33maccessibilityLabel[39m=[32m"Pick from list"[39m
                  [33maccessibilityRole[39m=[32m"button"[39m
                  [33maccessible[39m=[32m{true}[39m
                [36m>[39m
                  [36m<MaterialIcons />[39m
                [36m</View>[39m
              [36m</View>[39m
            [36m</View>[39m
            [36m<View>[39m
              [36m<View>[39m
                [36m<View[39m
                  [33maccessible[39m=[32m{true}[39m
                  [33mtestID[39m=[32m"mode-button-walking"[39m
                [36m>[39m
                  [36m<MaterialCommunityIcons />[39m
                  [36m<Text>[39m
                    [0mWalk[0m
                  [36m</Text>[39m
                [36m</View>[39m
                [36m<View[39m
                  [33maccessible[39m=[32m{true}[39m
                  [33mtestID[39m=[32m"mode-button-bicycling"[39m
                [36m>[39m
                  [36m<MaterialCommunityIcons />[39m
                  [36m<Text>[39m
                    [0mBike[0m
                  [36m</Text>[39m
                [36m</View>[39m
                [36m<View[39m
                  [33maccessible[39m=[32m{true}[39m
                  [33mtestID[39m=[32m"mode-button-driving"[39m
                [36m>[39m
                  [36m<MaterialCommunityIcons />[39m
                  [36m<Text>[39m
                    [0mCar[0m
                  [36m</Text>[39m
                [36m</View>[39m
                [36m<View[39m
                  [33maccessible[39m=[32m{true}[39m
                  [33mtestID[39m=[32m"mode-button-transit"[39m
                [36m>[39m
                  [36m<MaterialCommunityIcons />[39m
                  [36m<Text>[39m
                    [0mTransit[0m
                  [36m</Text>[39m
                [36m</View>[39m
                [36m<View[39m
                  [33maccessible[39m=[32m{true}[39m
                  [33mtestID[39m=[32m"mode-button-shuttle"[39m
                [36m>[39m
                  [36m<MaterialCommunityIcons />[39m
                  [36m<Text>[39m
                    [0mShuttle[0m
                  [36m</Text>[39m
                [36m</View>[39m
              [36m</View>[39m
            [36m</View>[39m
            [36m<View[39m
              [33maccessible[39m=[32m{true}[39m
              [33mtestID[39m=[32m"get-directions-button"[39m
            [36m>[39m
              [36m<Text>[39m
                [0mGet Directions[0m
              [36m</Text>[39m
            [36m</View>[39m
          [36m</View>[39m
        [36m</View>[39m
      [36m</View>[39m,
    ]

    [0m [90m 1241 |[39m       )[33m;[39m
     [90m 1242 |[39m
    [31m[1m>[22m[39m[90m 1243 |[39m       [36mconst[39m listButton 
[33m=[39m getByLabelText([32m"Pick starting building from 
list"[39m)[33m;[39m
     [90m      |[39m                          [31m[1m^[22m[39m
     [90m 1244 |[39m
     [90m 1245 |[39m       [90m// First press: opens picker[39m
     [90m 1246 |[39m       
fireEvent[33m.[39mpress(listButton)[33m;[39m[0m

      at Object.getByLabelText (__tests__/NavigationBar.test.tsx:1243:26)

  ΓùÅ NavigationBar ΓÇ║ Building Picker Toggle ΓÇ║ closes destination picker 
when same list button is pressed again

    Unable to find an element with accessibility label: Pick destination 
building from list

    [
      [36m<View[39m
        [33maccessible[39m=[32m{true}[39m
      [36m/>[39m,
      [36m<View[39m
        [33mpointerEvents[39m=[32m"box-none"[39m
      [36m>[39m
        [36m<View>[39m
          [36m<View>[39m
            [36m<View />[39m
          [36m</View>[39m
          [36m<View>[39m
            [36m<View>[39m
              [36m<View>[39m
                [36m<View>[39m
                  [36m<View />[39m
                [36m</View>[39m
                [36m<TextInput[39m
                  [33mplaceholder[39m=[32m"From ΓÇö building or room (e.g. 
H-110)"[39m
                  [33mtestID[39m=[32m"start-location-input"[39m
                  [33mvalue[39m=[32m""[39m
                [36m/>[39m
                [36m<View[39m
                  [33maccessibilityLabel[39m=[32m"Pick from list"[39m
                  [33maccessibilityRole[39m=[32m"button"[39m
                  [33maccessible[39m=[32m{true}[39m
                [36m>[39m
                  [36m<MaterialIcons />[39m
                [36m</View>[39m
              [36m</View>[39m
              [36m<View[39m
                [33maccessibilityLabel[39m=[32m"Swap origin and 
destination"[39m
                [33maccessibilityRole[39m=[32m"button"[39m
                [33maccessible[39m=[32m{true}[39m
              [36m>[39m
                [36m<MaterialIcons />[39m
              [36m</View>[39m
              [36m<View>[39m
                [36m<View>[39m
                  [36m<MaterialIcons />[39m
                [36m</View>[39m
                [36m<TextInput[39m
                  [33mplaceholder[39m=[32m"To ΓÇö building or room (e.g. 
MB-1.210)"[39m
                  [33mtestID[39m=[32m"dest-location-input"[39m
                  [33mvalue[39m=[32m""[39m
                [36m/>[39m
                [36m<View[39m
                  [33maccessibilityLabel[39m=[32m"Pick from list"[39m
                  [33maccessibilityRole[39m=[32m"button"[39m
                  [33maccessible[39m=[32m{true}[39m
                [36m>[39m
                  [36m<MaterialIcons />[39m
                [36m</View>[39m
              [36m</View>[39m
            [36m</View>[39m
            [36m<View>[39m
              [36m<View>[39m
                [36m<View[39m
                  [33maccessible[39m=[32m{true}[39m
                  [33mtestID[39m=[32m"mode-button-walking"[39m
                [36m>[39m
                  [36m<MaterialCommunityIcons />[39m
                  [36m<Text>[39m
                    [0mWalk[0m
                  [36m</Text>[39m
                [36m</View>[39m
                [36m<View[39m
                  [33maccessible[39m=[32m{true}[39m
                  [33mtestID[39m=[32m"mode-button-bicycling"[39m
                [36m>[39m
                  [36m<MaterialCommunityIcons />[39m
                  [36m<Text>[39m
                    [0mBike[0m
                  [36m</Text>[39m
                [36m</View>[39m
                [36m<View[39m
                  [33maccessible[39m=[32m{true}[39m
                  [33mtestID[39m=[32m"mode-button-driving"[39m
                [36m>[39m
                  [36m<MaterialCommunityIcons />[39m
                  [36m<Text>[39m
                    [0mCar[0m
                  [36m</Text>[39m
                [36m</View>[39m
                [36m<View[39m
                  [33maccessible[39m=[32m{true}[39m
                  [33mtestID[39m=[32m"mode-button-transit"[39m
                [36m>[39m
                  [36m<MaterialCommunityIcons />[39m
                  [36m<Text>[39m
                    [0mTransit[0m
                  [36m</Text>[39m
                [36m</View>[39m
                [36m<View[39m
                  [33maccessible[39m=[32m{true}[39m
                  [33mtestID[39m=[32m"mode-button-shuttle"[39m
                [36m>[39m
                  [36m<MaterialCommunityIcons />[39m
                  [36m<Text>[39m
                    [0mShuttle[0m
                  [36m</Text>[39m
                [36m</View>[39m
              [36m</View>[39m
            [36m</View>[39m
            [36m<View[39m
              [33maccessible[39m=[32m{true}[39m
              [33mtestID[39m=[32m"get-directions-button"[39m
            [36m>[39m
              [36m<Text>[39m
                [0mGet Directions[0m
              [36m</Text>[39m
            [36m</View>[39m
          [36m</View>[39m
        [36m</View>[39m
      [36m</View>[39m,
    ]

    [0m [90m 1263 |[39m       )[33m;[39m
     [90m 1264 |[39m
    [31m[1m>[22m[39m[90m 1265 |[39m       [36mconst[39m listButton 
[33m=[39m getByLabelText([32m"Pick destination building from 
list"[39m)[33m;[39m
     [90m      |[39m                          [31m[1m^[22m[39m
     [90m 1266 |[39m
     [90m 1267 |[39m       fireEvent[33m.[39mpress(listButton)[33m;[39m
     [90m 1268 |[39m       expect(getByText([32m"Richard J Renaud Science 
Complex (SP)"[39m))[33m.[39mtoBeTruthy()[33m;[39m[0m

      at Object.getByLabelText (__tests__/NavigationBar.test.tsx:1265:26)

  ΓùÅ NavigationBar ΓÇ║ Use My Location Button ΓÇ║ renders use-my-location 
button when onUseMyLocation callback is provided

    Unable to find an element with accessibility label: Use my current 
location as start

    [
      [36m<View[39m
        [33maccessible[39m=[32m{true}[39m
      [36m/>[39m,
      [36m<View[39m
        [33mpointerEvents[39m=[32m"box-none"[39m
      [36m>[39m
        [36m<View>[39m
          [36m<View>[39m
            [36m<View />[39m
          [36m</View>[39m
          [36m<View>[39m
            [36m<View>[39m
              [36m<View>[39m
                [36m<View>[39m
                  [36m<View />[39m
                [36m</View>[39m
                [36m<TextInput[39m
                  [33mplaceholder[39m=[32m"From ΓÇö building or room (e.g. 
H-110)"[39m
                  [33mtestID[39m=[32m"start-location-input"[39m
                  [33mvalue[39m=[32m""[39m
                [36m/>[39m
                [36m<View[39m
                  [33maccessibilityLabel[39m=[32m"Use my current 
location"[39m
                  [33maccessibilityRole[39m=[32m"button"[39m
                  [33maccessible[39m=[32m{true}[39m
                [36m>[39m
                  [36m<MaterialIcons />[39m
                [36m</View>[39m
                [36m<View[39m
                  [33maccessibilityLabel[39m=[32m"Pick from list"[39m
                  [33maccessibilityRole[39m=[32m"button"[39m
                  [33maccessible[39m=[32m{true}[39m
                [36m>[39m
                  [36m<MaterialIcons />[39m
                [36m</View>[39m
              [36m</View>[39m
              [36m<View[39m
                [33maccessibilityLabel[39m=[32m"Swap origin and 
destination"[39m
                [33maccessibilityRole[39m=[32m"button"[39m
                [33maccessible[39m=[32m{true}[39m
              [36m>[39m
                [36m<MaterialIcons />[39m
              [36m</View>[39m
              [36m<View>[39m
                [36m<View>[39m
                  [36m<MaterialIcons />[39m
                [36m</View>[39m
                [36m<TextInput[39m
                  [33mplaceholder[39m=[32m"To ΓÇö building or room (e.g. 
MB-1.210)"[39m
                  [33mtestID[39m=[32m"dest-location-input"[39m
                  [33mvalue[39m=[32m""[39m
                [36m/>[39m
                [36m<View[39m
                  [33maccessibilityLabel[39m=[32m"Pick from list"[39m
                  [33maccessibilityRole[39m=[32m"button"[39m
                  [33maccessible[39m=[32m{true}[39m
                [36m>[39m
                  [36m<MaterialIcons />[39m
                [36m</View>[39m
              [36m</View>[39m
            [36m</View>[39m
            [36m<View>[39m
              [36m<View>[39m
                [36m<View[39m
                  [33maccessible[39m=[32m{true}[39m
                  [33mtestID[39m=[32m"mode-button-walking"[39m
                [36m>[39m
                  [36m<MaterialCommunityIcons />[39m
                  [36m<Text>[39m
                    [0mWalk[0m
                  [36m</Text>[39m
                [36m</View>[39m
                [36m<View[39m
                  [33maccessible[39m=[32m{true}[39m
                  [33mtestID[39m=[32m"mode-button-bicycling"[39m
                [36m>[39m
                  [36m<MaterialCommunityIcons />[39m
                  [36m<Text>[39m
                    [0mBike[0m
                  [36m</Text>[39m
                [36m</View>[39m
                [36m<View[39m
                  [33maccessible[39m=[32m{true}[39m
                  [33mtestID[39m=[32m"mode-button-driving"[39m
                [36m>[39m
                  [36m<MaterialCommunityIcons />[39m
                  [36m<Text>[39m
                    [0mCar[0m
                  [36m</Text>[39m
                [36m</View>[39m
                [36m<View[39m
                  [33maccessible[39m=[32m{true}[39m
                  [33mtestID[39m=[32m"mode-button-transit"[39m
                [36m>[39m
                  [36m<MaterialCommunityIcons />[39m
                  [36m<Text>[39m
                    [0mTransit[0m
                  [36m</Text>[39m
                [36m</View>[39m
                [36m<View[39m
                  [33maccessible[39m=[32m{true}[39m
                  [33mtestID[39m=[32m"mode-button-shuttle"[39m
                [36m>[39m
                  [36m<MaterialCommunityIcons />[39m
                  [36m<Text>[39m
                    [0mShuttle[0m
                  [36m</Text>[39m
                [36m</View>[39m
              [36m</View>[39m
            [36m</View>[39m
            [36m<View[39m
              [33maccessible[39m=[32m{true}[39m
              [33mtestID[39m=[32m"get-directions-button"[39m
            [36m>[39m
              [36m<Text>[39m
                [0mGet Directions[0m
              [36m</Text>[39m
            [36m</View>[39m
          [36m</View>[39m
        [36m</View>[39m
      [36m</View>[39m,
    ]

    [0m [90m 1285 |[39m       )[33m;[39m
     [90m 1286 |[39m
    [31m[1m>[22m[39m[90m 1287 |[39m       
expect(getByLabelText([32m"Use my current location as 
start"[39m))[33m.[39mtoBeTruthy()[33m;[39m
     [90m      |[39m              [31m[1m^[22m[39m
     [90m 1288 |[39m     })[33m;[39m
     [90m 1289 |[39m
     [90m 1290 |[39m     it([32m"does not render use-my-location button 
when onUseMyLocation is not provided"[39m[33m,[39m () [33m=>[39m {[0m

      at Object.getByLabelText (__tests__/NavigationBar.test.tsx:1287:14)

  ΓùÅ NavigationBar ΓÇ║ Use My Location Button ΓÇ║ sets start to building name 
when onUseMyLocation returns a building

    Unable to find an element with accessibility label: Use my current 
location as start

    [
      [36m<View[39m
        [33maccessible[39m=[32m{true}[39m
      [36m/>[39m,
      [36m<View[39m
        [33mpointerEvents[39m=[32m"box-none"[39m
      [36m>[39m
        [36m<View>[39m
          [36m<View>[39m
            [36m<View />[39m
          [36m</View>[39m
          [36m<View>[39m
            [36m<View>[39m
              [36m<View>[39m
                [36m<View>[39m
                  [36m<View />[39m
                [36m</View>[39m
                [36m<TextInput[39m
                  [33mplaceholder[39m=[32m"From ΓÇö building or room (e.g. 
H-110)"[39m
                  [33mtestID[39m=[32m"start-location-input"[39m
                  [33mvalue[39m=[32m""[39m
                [36m/>[39m
                [36m<View[39m
                  [33maccessibilityLabel[39m=[32m"Use my current 
location"[39m
                  [33maccessibilityRole[39m=[32m"button"[39m
                  [33maccessible[39m=[32m{true}[39m
                [36m>[39m
                  [36m<MaterialIcons />[39m
                [36m</View>[39m
                [36m<View[39m
                  [33maccessibilityLabel[39m=[32m"Pick from list"[39m
                  [33maccessibilityRole[39m=[32m"button"[39m
                  [33maccessible[39m=[32m{true}[39m
                [36m>[39m
                  [36m<MaterialIcons />[39m
                [36m</View>[39m
              [36m</View>[39m
              [36m<View[39m
                [33maccessibilityLabel[39m=[32m"Swap origin and 
destination"[39m
                [33maccessibilityRole[39m=[32m"button"[39m
                [33maccessible[39m=[32m{true}[39m
              [36m>[39m
                [36m<MaterialIcons />[39m
              [36m</View>[39m
              [36m<View>[39m
                [36m<View>[39m
                  [36m<MaterialIcons />[39m
                [36m</View>[39m
                [36m<TextInput[39m
                  [33mplaceholder[39m=[32m"To ΓÇö building or room (e.g. 
MB-1.210)"[39m
                  [33mtestID[39m=[32m"dest-location-input"[39m
                  [33mvalue[39m=[32m""[39m
                [36m/>[39m
                [36m<View[39m
                  [33maccessibilityLabel[39m=[32m"Pick from list"[39m
                  [33maccessibilityRole[39m=[32m"button"[39m
                  [33maccessible[39m=[32m{true}[39m
                [36m>[39m
                  [36m<MaterialIcons />[39m
                [36m</View>[39m
              [36m</View>[39m
            [36m</View>[39m
            [36m<View>[39m
              [36m<View>[39m
                [36m<View[39m
                  [33maccessible[39m=[32m{true}[39m
                  [33mtestID[39m=[32m"mode-button-walking"[39m
                [36m>[39m
                  [36m<MaterialCommunityIcons />[39m
                  [36m<Text>[39m
                    [0mWalk[0m
                  [36m</Text>[39m
                [36m</View>[39m
                [36m<View[39m
                  [33maccessible[39m=[32m{true}[39m
                  [33mtestID[39m=[32m"mode-button-bicycling"[39m
                [36m>[39m
                  [36m<MaterialCommunityIcons />[39m
                  [36m<Text>[39m
                    [0mBike[0m
                  [36m</Text>[39m
                [36m</View>[39m
                [36m<View[39m
                  [33maccessible[39m=[32m{true}[39m
                  [33mtestID[39m=[32m"mode-button-driving"[39m
                [36m>[39m
                  [36m<MaterialCommunityIcons />[39m
                  [36m<Text>[39m
                    [0mCar[0m
                  [36m</Text>[39m
                [36m</View>[39m
                [36m<View[39m
                  [33maccessible[39m=[32m{true}[39m
                  [33mtestID[39m=[32m"mode-button-transit"[39m
                [36m>[39m
                  [36m<MaterialCommunityIcons />[39m
                  [36m<Text>[39m
                    [0mTransit[0m
                  [36m</Text>[39m
                [36m</View>[39m
                [36m<View[39m
                  [33maccessible[39m=[32m{true}[39m
                  [33mtestID[39m=[32m"mode-button-shuttle"[39m
                [36m>[39m
                  [36m<MaterialCommunityIcons />[39m
                  [36m<Text>[39m
                    [0mShuttle[0m
                  [36m</Text>[39m
                [36m</View>[39m
              [36m</View>[39m
            [36m</View>[39m
            [36m<View[39m
              [33maccessible[39m=[32m{true}[39m
              [33mtestID[39m=[32m"get-directions-button"[39m
            [36m>[39m
              [36m<Text>[39m
                [0mGet Directions[0m
              [36m</Text>[39m
            [36m</View>[39m
          [36m</View>[39m
        [36m</View>[39m
      [36m</View>[39m,
    ]

    [0m [90m 1317 |[39m       )[33m;[39m
     [90m 1318 |[39m
    [31m[1m>[22m[39m[90m 1319 |[39m       
fireEvent[33m.[39mpress(getByLabelText([32m"Use my current location as 
start"[39m))[33m;[39m
     [90m      |[39m                       [31m[1m^[22m[39m
     [90m 1320 |[39m
     [90m 1321 |[39m       
expect(mockUseMyLocation)[33m.[39mtoHaveBeenCalled()[33m;[39m
     [90m 1322 |[39m       expect(getByPlaceholderText([35m/From/[39m)[33m
.[39mprops[33m.[39mvalue)[33m.[39mtoBe([0m

      at Object.getByLabelText (__tests__/NavigationBar.test.tsx:1319:23)

  ΓùÅ NavigationBar ΓÇ║ Use My Location Button ΓÇ║ sets start to 'My Location' 
when onUseMyLocation returns null

    Unable to find an element with accessibility label: Use my current 
location as start

    [
      [36m<View[39m
        [33maccessible[39m=[32m{true}[39m
      [36m/>[39m,
      [36m<View[39m
        [33mpointerEvents[39m=[32m"box-none"[39m
      [36m>[39m
        [36m<View>[39m
          [36m<View>[39m
            [36m<View />[39m
          [36m</View>[39m
          [36m<View>[39m
            [36m<View>[39m
              [36m<View>[39m
                [36m<View>[39m
                  [36m<View />[39m
                [36m</View>[39m
                [36m<TextInput[39m
                  [33mplaceholder[39m=[32m"From ΓÇö building or room (e.g. 
H-110)"[39m
                  [33mtestID[39m=[32m"start-location-input"[39m
                  [33mvalue[39m=[32m""[39m
                [36m/>[39m
                [36m<View[39m
                  [33maccessibilityLabel[39m=[32m"Use my current 
location"[39m
                  [33maccessibilityRole[39m=[32m"button"[39m
                  [33maccessible[39m=[32m{true}[39m
                [36m>[39m
                  [36m<MaterialIcons />[39m
                [36m</View>[39m
                [36m<View[39m
                  [33maccessibilityLabel[39m=[32m"Pick from list"[39m
                  [33maccessibilityRole[39m=[32m"button"[39m
                  [33maccessible[39m=[32m{true}[39m
                [36m>[39m
                  [36m<MaterialIcons />[39m
                [36m</View>[39m
              [36m</View>[39m
              [36m<View[39m
                [33maccessibilityLabel[39m=[32m"Swap origin and 
destination"[39m
                [33maccessibilityRole[39m=[32m"button"[39m
                [33maccessible[39m=[32m{true}[39m
              [36m>[39m
                [36m<MaterialIcons />[39m
              [36m</View>[39m
              [36m<View>[39m
                [36m<View>[39m
                  [36m<MaterialIcons />[39m
                [36m</View>[39m
                [36m<TextInput[39m
                  [33mplaceholder[39m=[32m"To ΓÇö building or room (e.g. 
MB-1.210)"[39m
                  [33mtestID[39m=[32m"dest-location-input"[39m
                  [33mvalue[39m=[32m""[39m
                [36m/>[39m
                [36m<View[39m
                  [33maccessibilityLabel[39m=[32m"Pick from list"[39m
                  [33maccessibilityRole[39m=[32m"button"[39m
                  [33maccessible[39m=[32m{true}[39m
                [36m>[39m
                  [36m<MaterialIcons />[39m
                [36m</View>[39m
              [36m</View>[39m
            [36m</View>[39m
            [36m<View>[39m
              [36m<View>[39m
                [36m<View[39m
                  [33maccessible[39m=[32m{true}[39m
                  [33mtestID[39m=[32m"mode-button-walking"[39m
                [36m>[39m
                  [36m<MaterialCommunityIcons />[39m
                  [36m<Text>[39m
                    [0mWalk[0m
                  [36m</Text>[39m
                [36m</View>[39m
                [36m<View[39m
                  [33maccessible[39m=[32m{true}[39m
                  [33mtestID[39m=[32m"mode-button-bicycling"[39m
                [36m>[39m
                  [36m<MaterialCommunityIcons />[39m
                  [36m<Text>[39m
                    [0mBike[0m
                  [36m</Text>[39m
                [36m</View>[39m
                [36m<View[39m
                  [33maccessible[39m=[32m{true}[39m
                  [33mtestID[39m=[32m"mode-button-driving"[39m
                [36m>[39m
                  [36m<MaterialCommunityIcons />[39m
                  [36m<Text>[39m
                    [0mCar[0m
                  [36m</Text>[39m
                [36m</View>[39m
                [36m<View[39m
                  [33maccessible[39m=[32m{true}[39m
                  [33mtestID[39m=[32m"mode-button-transit"[39m
                [36m>[39m
                  [36m<MaterialCommunityIcons />[39m
                  [36m<Text>[39m
                    [0mTransit[0m
                  [36m</Text>[39m
                [36m</View>[39m
                [36m<View[39m
                  [33maccessible[39m=[32m{true}[39m
                  [33mtestID[39m=[32m"mode-button-shuttle"[39m
                [36m>[39m
                  [36m<MaterialCommunityIcons />[39m
                  [36m<Text>[39m
                    [0mShuttle[0m
                  [36m</Text>[39m
                [36m</View>[39m
              [36m</View>[39m
            [36m</View>[39m
            [36m<View[39m
              [33maccessible[39m=[32m{true}[39m
              [33mtestID[39m=[32m"get-directions-button"[39m
            [36m>[39m
              [36m<Text>[39m
                [0mGet Directions[0m
              [36m</Text>[39m
            [36m</View>[39m
          [36m</View>[39m
        [36m</View>[39m
      [36m</View>[39m,
    ]

    [0m [90m 1337 |[39m       )[33m;[39m
     [90m 1338 |[39m
    [31m[1m>[22m[39m[90m 1339 |[39m       
fireEvent[33m.[39mpress(getByLabelText([32m"Use my current location as 
start"[39m))[33m;[39m
     [90m      |[39m                       [31m[1m^[22m[39m
     [90m 1340 |[39m
     [90m 1341 |[39m       
expect(mockUseMyLocation)[33m.[39mtoHaveBeenCalled()[33m;[39m
     [90m 1342 |[39m       expect(getByPlaceholderText([35m/From/[39m)[33m
.[39mprops[33m.[39mvalue)[33m.[39mtoBe([32m"My 
Location"[39m)[33m;[39m[0m

      at Object.getByLabelText (__tests__/NavigationBar.test.tsx:1339:23)

FAIL __tests__/IndoorMapScreen.test.tsx
  ΓùÅ Test suite failed to run

    TypeError: Cannot read properties of null (reading 'useState')

    [0m [90m 27 |[39m [36mimport[39m { getFloorImageMetadata } 
[36mfrom[39m [32m"../utils/mapAssets"[39m[33m;[39m
     [90m 28 |[39m [36mimport[39m { parseFloors } [36mfrom[39m 
[32m"../utils/routeParams"[39m[33m;[39m
    [31m[1m>[22m[39m[90m 29 |[39m [36mconst[39m 
[navOriginQuery[33m,[39m setNavOriginQuery] [33m=[39m 
useState([32m""[39m)[33m;[39m
     [90m    |[39m                                                     
[31m[1m^[22m[39m
     [90m 30 |[39m [36mconst[39m [navDestQuery[33m,[39m setNavDestQuery] 
[33m=[39m useState([32m""[39m)[33m;[39m
     [90m 31 |[39m [36mconst[39m [activeRoute[33m,[39m setActiveRoute] 
[33m=[39m useState[33m<[39m[33mNavigationRoute[39m [33m|[39m 
[36mnull[39m[33m>[39m([36mnull[39m)[33m;[39m
     [90m 32 |[39m [36mconst[39m [navError[33m,[39m setNavError] 
[33m=[39m useState[33m<[39m[33mstring[39m [33m|[39m 
[36mnull[39m[33m>[39m([36mnull[39m)[33m;[39m[0m

      at Object.<anonymous>.process.env.NODE_ENV.exports.useState 
(node_modules/react/cjs/react.development.js:1221:33)
      at Object.<anonymous> (app/IndoorMapScreen.tsx:29:53)
      at Object.require (__tests__/IndoorMapScreen.test.tsx:34:1)

FAIL __tests__/CampusMapScreen.test.tsx (7.908 s)
  ΓùÅ CampusMapScreen ΓÇ║ Next Class Directions Panel ΓÇ║ opens indoor map for 
the next class and prefills the room query

    expect(jest.fn()).toHaveBeenCalledWith(...expected)

    - Expected
    + Received

      Object {
        "params": Object {
          "buildingName": "MB",
          "floors": "[1,-2]",
    -     "roomQuery": "1.210",
    +     "roomQuery": "MB-1.210",
        },
        "pathname": "/IndoorMapScreen",
      },

    Number of calls: 1

    [0m [90m 1049 |[39m       fireEvent[33m.[39mpress(screen[33m.[39mget
ByTestId([32m"next-class-open-indoor"[39m))[33m;[39m
     [90m 1050 |[39m
    [31m[1m>[22m[39m[90m 1051 |[39m       
expect(router[33m.[39mpush)[33m.[39mtoHaveBeenCalledWith({
     [90m      |[39m                           [31m[1m^[22m[39m
     [90m 1052 |[39m         pathname[33m:[39m 
[32m"/IndoorMapScreen"[39m[33m,[39m
     [90m 1053 |[39m         params[33m:[39m {
     [90m 1054 |[39m           buildingName[33m:[39m 
[32m"MB"[39m[33m,[39m[0m

      at Object.toHaveBeenCalledWith 
(__tests__/CampusMapScreen.test.tsx:1051:27)
      at asyncGeneratorStep 
(node_modules/@babel/runtime/helpers/asyncToGenerator.js:3:17)
      at _next (node_modules/@babel/runtime/helpers/asyncToGenerator.js:17:9)

  ΓùÅ CampusMapScreen ΓÇ║ Next Class Directions Panel ΓÇ║ shows Indoor button 
when selected building has a map and pushes indoor screen with floors

    Unable to find an element with testID: indoor-view-toggle

    [36m<View>[39m
      [36m<View>[39m
        [36m<Text[39m
          [33mtestID[39m=[32m"campus-map-props"[39m
        [36m>[39m
          [0m{"coordinates":{"latitude":1,"longitude":2},"focusTarget":"sgw","
startPoint":null,"destinationPoint":null,"strategy":{"mode":"walking","label":"
Walk","icon":"walk"}}[0m
        [36m</Text>[39m
        [36m<Text[39m
          [33mtestID[39m=[32m"campus-map-user-focus-counter"[39m
        [36m>[39m
          [0m0[0m
        [36m</Text>[39m
        [36m<Text[39m
          [33mtestID[39m=[32m"campus-map-route-focus-trigger"[39m
        [36m>[39m
          [0m0[0m
        [36m</Text>[39m
        [36m<View[39m
          [33maccessibilityRole[39m=[32m"button"[39m
          [33maccessible[39m=[32m{true}[39m
          [33mtestID[39m=[32m"trigger-get-directions"[39m
        [36m>[39m
          [36m<View>[39m
            [36m<Text>[39m
              [0mGet Directions[0m
            [36m</Text>[39m
          [36m</View>[39m
        [36m</View>[39m
        [36m<View[39m
          [33maccessibilityRole[39m=[32m"button"[39m
          [33maccessible[39m=[32m{true}[39m
          [33mtestID[39m=[32m"trigger-route-steps"[39m
        [36m>[39m
          [36m<View>[39m
            [36m<Text>[39m
              [0mSet Steps[0m
            [36m</Text>[39m
          [36m</View>[39m
        [36m</View>[39m
        [36m<View[39m
          [33maccessibilityRole[39m=[32m"button"[39m
          [33maccessible[39m=[32m{true}[39m
          [33mtestID[39m=[32m"trigger-set-as-start"[39m
        [36m>[39m
          [36m<View>[39m
            [36m<Text>[39m
              [0mSet As Start[0m
            [36m</Text>[39m
          [36m</View>[39m
        [36m</View>[39m
        [36m<View[39m
          [33maccessibilityRole[39m=[32m"button"[39m
          [33maccessible[39m=[32m{true}[39m
          [33mtestID[39m=[32m"trigger-set-my-location"[39m
        [36m>[39m
          [36m<View>[39m
            [36m<Text>[39m
              [0mSet My Location[0m
            [36m</Text>[39m
          [36m</View>[39m
        [36m</View>[39m
        [36m<View[39m
          [33maccessibilityRole[39m=[32m"button"[39m
          [33maccessible[39m=[32m{true}[39m
          [33mtestID[39m=[32m"trigger-building-with-map"[39m
        [36m>[39m
          [36m<View>[39m
            [36m<Text>[39m
              [0mSelect Building With Map[0m
            [36m</Text>[39m
          [36m</View>[39m
        [36m</View>[39m
        [36m<View[39m
          [33maccessibilityRole[39m=[32m"button"[39m
          [33maccessible[39m=[32m{true}[39m
          [33mtestID[39m=[32m"trigger-building-without-map"[39m
        [36m>[39m
          [36m<View>[39m
            [36m<Text>[39m
              [0mSelect Building Without Map[0m
            [36m</Text>[39m
          [36m</View>[39m
        [36m</View>[39m
        [36m<View[39m
          [33maccessibilityRole[39m=[32m"button"[39m
          [33maccessible[39m=[32m{true}[39m
          [33mtestID[39m=[32m"trigger-indoor-floors"[39m
        [36m>[39m
          [36m<View>[39m
            [36m<Text>[39m
              [0mSet Indoor Floors[0m
            [36m</Text>[39m
          [36m</View>[39m
        [36m</View>[39m
        [36m<View[39m
          [33maccessibilityRole[39m=[32m"button"[39m
          [33maccessible[39m=[32m{true}[39m
          [33mtestID[39m=[32m"trigger-popup-open-indoor"[39m
        [36m>[39m
          [36m<View>[39m
            [36m<Text>[39m
              [0mOpen Indoor From Popup[0m
            [36m</Text>[39m
          [36m</View>[39m
        [36m</View>[39m
      [36m</View>[39m
      [36m<View[39m
        [33mpointerEvents[39m=[32m"box-none"[39m
      [36m>[39m
        [36m<View>[39m
          [36m<View[39m
            [33maccessible[39m=[32m{true}[39m
            [33mtestID[39m=[32m"campus-toggle-sgw"[39m
          [36m>[39m
            [36m<Text>[39m
              [0mSGW[0m
            [36m</Text>[39m
          [36m</View>[39m
          [36m<View[39m
            [33maccessible[39m=[32m{true}[39m
            [33mtestID[39m=[32m"campus-toggle-loyola"[39m
          [36m>[39m
            [36m<Text>[39m
              [0mLoyola[0m
            [36m</Text>[39m
          [36m</View>[39m
        [36m</View>[39m
      [36m</View>[39m
      [36m<View>[39m
        [36m<View[39m
          [33maccessibilityLabel[39m=[32m"Show shuttle"[39m
          [33maccessibilityState[39m=[32m{
            {
              "disabled": false,
            }
          }[39m
          [33maccessible[39m=[32m{true}[39m
          [33mtestID[39m=[32m"show-shuttle-button"[39m
        [36m>[39m
          [36m<Text>[39m
            [0mbus-stop[0m
          [36m</Text>[39m
        [36m</View>[39m
        [36m<View[39m
          [33maccessibilityLabel[39m=[32m"shuttle-schedule-button"[39m
          [33maccessible[39m=[32m{true}[39m
          [33mtestID[39m=[32m"shuttle-schedule-button"[39m
        [36m>[39m
          [36m<Text>[39m
            [0mcalendar-clock[0m
          [36m</Text>[39m
        [36m</View>[39m
      [36m</View>[39m
      [36m<View>[39m
        [36m<View[39m
          [33maccessibilityLabel[39m=[32m"Navigate to next class"[39m
          [33maccessibilityState[39m=[32m{
            {
              "disabled": true,
            }
          }[39m
          [33maccessible[39m=[32m{true}[39m
          [33mtestID[39m=[32m"next-class-button"[39m
        [36m>[39m
          [36m<Text>[39m
            [0mschool[0m
          [36m</Text>[39m
        [36m</View>[39m
        [36m<View[39m
          [33maccessibilityLabel[39m=[32m"directions-button"[39m
          [33maccessible[39m=[32m{true}[39m
          [33mtestID[39m=[32m"directions-button"[39m
        [36m>[39m
          [36m<Text>[39m
            [0mdirections[0m
          [36m</Text>[39m
        [36m</View>[39m
        [36m<View[39m
          [33maccessibilityLabel[39m=[32m"my-location-button"[39m
          [33maccessible[39m=[32m{true}[39m
          [33mtestID[39m=[32m"my-location-button"[39m
        [36m>[39m
          [36m<Text>[39m
            [0mmy-location[0m
          [36m</Text>[39m
        [36m</View>[39m
      [36m</View>[39m
      [36m<View>[39m
        [36m<Text[39m
          [33mtestID[39m=[32m"nav-visible"[39m
        [36m>[39m
          [0mhidden[0m
        [36m</Text>[39m
        [36m<Text[39m
          [33mtestID[39m=[32m"nav-use-my-location-result"[39m
        [36m>[39m
          [0mnull[0m
        [36m</Text>[39m
        [36m<Text[39m
          [33mtestID[39m=[32m"nav-initial-start"[39m
        [36m>[39m
          [0mnull[0m
        [36m</Text>[39m
        [36m<Text[39m
          [33mtestID[39m=[32m"nav-initial-destination"[39m
        [36m>[39m
          [0mnull[0m
        [36m</Text>[39m
        [36m<Text[39m
          [33mtestID[39m=[32m"nav-auto-start"[39m
        [36m>[39m
          [0m{"name":"B","displayName":"B Building","boundingBox":[{"latitude"
:5,"longitude":0},{"latitude":5,"longitude":1},{"latitude":5,"longitude":2}]}[
0m
        [36m</Text>[39m
        [36m<View[39m
          [33maccessible[39m=[32m{true}[39m
          [33mtestID[39m=[32m"nav-confirm"[39m
        [36m>[39m
          [36m<Text>[39m
            [0mConfirm[0m
          [36m</Text>[39m
        [36m</View>[39m
        [36m<View[39m
          [33maccessible[39m=[32m{true}[39m
          [33mtestID[39m=[32m"nav-confirm-nullstart"[39m
        [36m>[39m
          [36m<Text>[39m
            [0mConfirm Null Start[0m
          [36m</Text>[39m
        [36m</View>[39m
        [36m<View[39m
          [33maccessible[39m=[32m{true}[39m
          [33mtestID[39m=[32m"nav-start-applied"[39m
        [36m>[39m
          [36m<Text>[39m
            [0mStart Applied[0m
          [36m</Text>[39m
        [36m</View>[39m
        [36m<View[39m
          [33maccessible[39m=[32m{true}[39m
          [33mtestID[39m=[32m"nav-applied"[39m
        [36m>[39m
          [36m<Text>[39m
            [0mApplied[0m
          [36m</Text>[39m
        [36m</View>[39m
        [36m<View[39m
          [33maccessible[39m=[32m{true}[39m
          [33mtestID[39m=[32m"nav-use-my-location"[39m
        [36m>[39m
          [36m<Text>[39m
            [0mUse My Location[0m
          [36m</Text>[39m
        [36m</View>[39m
        [36m<View[39m
          [33maccessible[39m=[32m{true}[39m
          [33mtestID[39m=[32m"nav-close"[39m
        [36m>[39m
          [36m<Text>[39m
            [0mClose[0m
          [36m</Text>[39m
        [36m</View>[39m
      [36m</View>[39m
      [36m<View[39m
        [33mtestID[39m=[32m"next-class-panel"[39m
      [36m>[39m
        [36m<Text[39m
          [33mtestID[39m=[32m"next-class-visible"[39m
        [36m>[39m
          [0mhidden[0m
        [36m</Text>[39m
        [36m<Text[39m
          [33mtestID[39m=[32m"next-class-info"[39m
        [36m>[39m
          [0mnull[0m
        [36m</Text>[39m
        [36m<Text[39m
          [33mtestID[39m=[32m"next-class-use-location-result"[39m
        [36m>[39m
          [0mnull[0m
        [36m</Text>[39m
        [36m<View[39m
          [33maccessible[39m=[32m{true}[39m
          [33mtestID[39m=[32m"next-class-confirm"[39m
        [36m>[39m
          [36m<Text>[39m
            [0mConfirm[0m
          [36m</Text>[39m
        [36m</View>[39m
        [36m<View[39m
          [33maccessible[39m=[32m{true}[39m
          [33mtestID[39m=[32m"next-class-close"[39m
        [36m>[39m
          [36m<Text>[39m
            [0mClose[0m
          [36m</Text>[39m
        [36m</View>[39m
        [36m<View[39m
          [33maccessible[39m=[32m{true}[39m
          [33mtestID[39m=[32m"next-class-use-location"[39m
        [36m>[39m
          [36m<Text>[39m
            [0mUse Location[0m
          [36m</Text>[39m
        [36m</View>[39m
      [36m</View>[39m
    [36m</View>[39m

    [0m [90m 1065 |[39m       fireEvent[33m.[39mpress(screen[33m.[39mget
ByTestId([32m"trigger-building-with-map"[39m))[33m;[39m
     [90m 1066 |[39m
    [31m[1m>[22m[39m[90m 1067 |[39m       [36mconst[39m indoorButton 
[33m=[39m 
screen[33m.[39mgetByTestId([32m"indoor-view-toggle"[39m)[33m;[39m
     [90m      |[39m                                   [31m[1m^[22m[39m
     [90m 1068 |[39m       
expect(indoorButton)[33m.[39mtoBeTruthy()[33m;[39m
     [90m 1069 |[39m
     [90m 1070 |[39m       
fireEvent[33m.[39mpress(indoorButton)[33m;[39m[0m

      at Object.getByTestId (__tests__/CampusMapScreen.test.tsx:1067:35)
      at asyncGeneratorStep 
(node_modules/@babel/runtime/helpers/asyncToGenerator.js:3:17)
      at _next (node_modules/@babel/runtime/helpers/asyncToGenerator.js:17:9)

  ΓùÅ CampusMapScreen ΓÇ║ Next Class Directions Panel ΓÇ║ hides Indoor button 
after switching from a mapped building to a non-mapped building

    Unable to find an element with testID: indoor-view-toggle

    [36m<View>[39m
      [36m<View>[39m
        [36m<Text[39m
          [33mtestID[39m=[32m"campus-map-props"[39m
        [36m>[39m
          [0m{"coordinates":{"latitude":1,"longitude":2},"focusTarget":"sgw","
startPoint":null,"destinationPoint":null,"strategy":{"mode":"walking","label":"
Walk","icon":"walk"}}[0m
        [36m</Text>[39m
        [36m<Text[39m
          [33mtestID[39m=[32m"campus-map-user-focus-counter"[39m
        [36m>[39m
          [0m0[0m
        [36m</Text>[39m
        [36m<Text[39m
          [33mtestID[39m=[32m"campus-map-route-focus-trigger"[39m
        [36m>[39m
          [0m0[0m
        [36m</Text>[39m
        [36m<View[39m
          [33maccessibilityRole[39m=[32m"button"[39m
          [33maccessible[39m=[32m{true}[39m
          [33mtestID[39m=[32m"trigger-get-directions"[39m
        [36m>[39m
          [36m<View>[39m
            [36m<Text>[39m
              [0mGet Directions[0m
            [36m</Text>[39m
          [36m</View>[39m
        [36m</View>[39m
        [36m<View[39m
          [33maccessibilityRole[39m=[32m"button"[39m
          [33maccessible[39m=[32m{true}[39m
          [33mtestID[39m=[32m"trigger-route-steps"[39m
        [36m>[39m
          [36m<View>[39m
            [36m<Text>[39m
              [0mSet Steps[0m
            [36m</Text>[39m
          [36m</View>[39m
        [36m</View>[39m
        [36m<View[39m
          [33maccessibilityRole[39m=[32m"button"[39m
          [33maccessible[39m=[32m{true}[39m
          [33mtestID[39m=[32m"trigger-set-as-start"[39m
        [36m>[39m
          [36m<View>[39m
            [36m<Text>[39m
              [0mSet As Start[0m
            [36m</Text>[39m
          [36m</View>[39m
        [36m</View>[39m
        [36m<View[39m
          [33maccessibilityRole[39m=[32m"button"[39m
          [33maccessible[39m=[32m{true}[39m
          [33mtestID[39m=[32m"trigger-set-my-location"[39m
        [36m>[39m
          [36m<View>[39m
            [36m<Text>[39m
              [0mSet My Location[0m
            [36m</Text>[39m
          [36m</View>[39m
        [36m</View>[39m
        [36m<View[39m
          [33maccessibilityRole[39m=[32m"button"[39m
          [33maccessible[39m=[32m{true}[39m
          [33mtestID[39m=[32m"trigger-building-with-map"[39m
        [36m>[39m
          [36m<View>[39m
            [36m<Text>[39m
              [0mSelect Building With Map[0m
            [36m</Text>[39m
          [36m</View>[39m
        [36m</View>[39m
        [36m<View[39m
          [33maccessibilityRole[39m=[32m"button"[39m
          [33maccessible[39m=[32m{true}[39m
          [33mtestID[39m=[32m"trigger-building-without-map"[39m
        [36m>[39m
          [36m<View>[39m
            [36m<Text>[39m
              [0mSelect Building Without Map[0m
            [36m</Text>[39m
          [36m</View>[39m
        [36m</View>[39m
        [36m<View[39m
          [33maccessibilityRole[39m=[32m"button"[39m
          [33maccessible[39m=[32m{true}[39m
          [33mtestID[39m=[32m"trigger-indoor-floors"[39m
        [36m>[39m
          [36m<View>[39m
            [36m<Text>[39m
              [0mSet Indoor Floors[0m
            [36m</Text>[39m
          [36m</View>[39m
        [36m</View>[39m
        [36m<View[39m
          [33maccessibilityRole[39m=[32m"button"[39m
          [33maccessible[39m=[32m{true}[39m
          [33mtestID[39m=[32m"trigger-popup-open-indoor"[39m
        [36m>[39m
          [36m<View>[39m
            [36m<Text>[39m
              [0mOpen Indoor From Popup[0m
            [36m</Text>[39m
          [36m</View>[39m
        [36m</View>[39m
      [36m</View>[39m
      [36m<View[39m
        [33mpointerEvents[39m=[32m"box-none"[39m
      [36m>[39m
        [36m<View>[39m
          [36m<View[39m
            [33maccessible[39m=[32m{true}[39m
            [33mtestID[39m=[32m"campus-toggle-sgw"[39m
          [36m>[39m
            [36m<Text>[39m
              [0mSGW[0m
            [36m</Text>[39m
          [36m</View>[39m
          [36m<View[39m
            [33maccessible[39m=[32m{true}[39m
            [33mtestID[39m=[32m"campus-toggle-loyola"[39m
          [36m>[39m
            [36m<Text>[39m
              [0mLoyola[0m
            [36m</Text>[39m
          [36m</View>[39m
        [36m</View>[39m
      [36m</View>[39m
      [36m<View>[39m
        [36m<View[39m
          [33maccessibilityLabel[39m=[32m"Show shuttle"[39m
          [33maccessibilityState[39m=[32m{
            {
              "disabled": false,
            }
          }[39m
          [33maccessible[39m=[32m{true}[39m
          [33mtestID[39m=[32m"show-shuttle-button"[39m
        [36m>[39m
          [36m<Text>[39m
            [0mbus-stop[0m
          [36m</Text>[39m
        [36m</View>[39m
        [36m<View[39m
          [33maccessibilityLabel[39m=[32m"shuttle-schedule-button"[39m
          [33maccessible[39m=[32m{true}[39m
          [33mtestID[39m=[32m"shuttle-schedule-button"[39m
        [36m>[39m
          [36m<Text>[39m
            [0mcalendar-clock[0m
          [36m</Text>[39m
        [36m</View>[39m
      [36m</View>[39m
      [36m<View>[39m
        [36m<View[39m
          [33maccessibilityLabel[39m=[32m"Navigate to next class"[39m
          [33maccessibilityState[39m=[32m{
            {
              "disabled": true,
            }
          }[39m
          [33maccessible[39m=[32m{true}[39m
          [33mtestID[39m=[32m"next-class-button"[39m
        [36m>[39m
          [36m<Text>[39m
            [0mschool[0m
          [36m</Text>[39m
        [36m</View>[39m
        [36m<View[39m
          [33maccessibilityLabel[39m=[32m"directions-button"[39m
          [33maccessible[39m=[32m{true}[39m
          [33mtestID[39m=[32m"directions-button"[39m
        [36m>[39m
          [36m<Text>[39m
            [0mdirections[0m
          [36m</Text>[39m
        [36m</View>[39m
        [36m<View[39m
          [33maccessibilityLabel[39m=[32m"my-location-button"[39m
          [33maccessible[39m=[32m{true}[39m
          [33mtestID[39m=[32m"my-location-button"[39m
        [36m>[39m
          [36m<Text>[39m
            [0mmy-location[0m
          [36m</Text>[39m
        [36m</View>[39m
      [36m</View>[39m
      [36m<View>[39m
        [36m<Text[39m
          [33mtestID[39m=[32m"nav-visible"[39m
        [36m>[39m
          [0mhidden[0m
        [36m</Text>[39m
        [36m<Text[39m
          [33mtestID[39m=[32m"nav-use-my-location-result"[39m
        [36m>[39m
          [0mnull[0m
        [36m</Text>[39m
        [36m<Text[39m
          [33mtestID[39m=[32m"nav-initial-start"[39m
        [36m>[39m
          [0mnull[0m
        [36m</Text>[39m
        [36m<Text[39m
          [33mtestID[39m=[32m"nav-initial-destination"[39m
        [36m>[39m
          [0mnull[0m
        [36m</Text>[39m
        [36m<Text[39m
          [33mtestID[39m=[32m"nav-auto-start"[39m
        [36m>[39m
          [0m{"name":"B","displayName":"B Building","boundingBox":[{"latitude"
:5,"longitude":0},{"latitude":5,"longitude":1},{"latitude":5,"longitude":2}]}[
0m
        [36m</Text>[39m
        [36m<View[39m
          [33maccessible[39m=[32m{true}[39m
          [33mtestID[39m=[32m"nav-confirm"[39m
        [36m>[39m
          [36m<Text>[39m
            [0mConfirm[0m
          [36m</Text>[39m
        [36m</View>[39m
        [36m<View[39m
          [33maccessible[39m=[32m{true}[39m
          [33mtestID[39m=[32m"nav-confirm-nullstart"[39m
        [36m>[39m
          [36m<Text>[39m
            [0mConfirm Null Start[0m
          [36m</Text>[39m
        [36m</View>[39m
        [36m<View[39m
          [33maccessible[39m=[32m{true}[39m
          [33mtestID[39m=[32m"nav-start-applied"[39m
        [36m>[39m
          [36m<Text>[39m
            [0mStart Applied[0m
          [36m</Text>[39m
        [36m</View>[39m
        [36m<View[39m
          [33maccessible[39m=[32m{true}[39m
          [33mtestID[39m=[32m"nav-applied"[39m
        [36m>[39m
          [36m<Text>[39m
            [0mApplied[0m
          [36m</Text>[39m
        [36m</View>[39m
        [36m<View[39m
          [33maccessible[39m=[32m{true}[39m
          [33mtestID[39m=[32m"nav-use-my-location"[39m
        [36m>[39m
          [36m<Text>[39m
            [0mUse My Location[0m
          [36m</Text>[39m
        [36m</View>[39m
        [36m<View[39m
          [33maccessible[39m=[32m{true}[39m
          [33mtestID[39m=[32m"nav-close"[39m
        [36m>[39m
          [36m<Text>[39m
            [0mClose[0m
          [36m</Text>[39m
        [36m</View>[39m
      [36m</View>[39m
      [36m<View[39m
        [33mtestID[39m=[32m"next-class-panel"[39m
      [36m>[39m
        [36m<Text[39m
          [33mtestID[39m=[32m"next-class-visible"[39m
        [36m>[39m
          [0mhidden[0m
        [36m</Text>[39m
        [36m<Text[39m
          [33mtestID[39m=[32m"next-class-info"[39m
        [36m>[39m
          [0mnull[0m
        [36m</Text>[39m
        [36m<Text[39m
          [33mtestID[39m=[32m"next-class-use-location-result"[39m
        [36m>[39m
          [0mnull[0m
        [36m</Text>[39m
        [36m<View[39m
          [33maccessible[39m=[32m{true}[39m
          [33mtestID[39m=[32m"next-class-confirm"[39m
        [36m>[39m
          [36m<Text>[39m
            [0mConfirm[0m
          [36m</Text>[39m
        [36m</View>[39m
        [36m<View[39m
          [33maccessible[39m=[32m{true}[39m
          [33mtestID[39m=[32m"next-class-close"[39m
        [36m>[39m
          [36m<Text>[39m
            [0mClose[0m
          [36m</Text>[39m
        [36m</View>[39m
        [36m<View[39m
          [33maccessible[39m=[32m{true}[39m
          [33mtestID[39m=[32m"next-class-use-location"[39m
        [36m>[39m
          [36m<Text>[39m
            [0mUse Location[0m
          [36m</Text>[39m
        [36m</View>[39m
      [36m</View>[39m
    [36m</View>[39m

    [0m [90m 1197 |[39m
     [90m 1198 |[39m       fireEvent[33m.[39mpress(screen[33m.[39mgetByTe
stId([32m"trigger-building-with-map"[39m))[33m;[39m
    [31m[1m>[22m[39m[90m 1199 |[39m       expect(screen[33m.[39mgetByTe
stId([32m"indoor-view-toggle"[39m))[33m.[39mtoBeTruthy()[33m;[39m
     [90m      |[39m                     [31m[1m^[22m[39m
     [90m 1200 |[39m
     [90m 1201 |[39m       fireEvent[33m.[39mpress(screen[33m.[39mgetByTe
stId([32m"trigger-building-without-map"[39m))[33m;[39m
     [90m 1202 |[39m       expect(screen[33m.[39mqueryByTestId([32m"indoor
-view-toggle"[39m))[33m.[39mtoBeNull()[33m;[39m[0m

      at Object.getByTestId (__tests__/CampusMapScreen.test.tsx:1199:21)
      at asyncGeneratorStep 
(node_modules/@babel/runtime/helpers/asyncToGenerator.js:3:17)
      at _next (node_modules/@babel/runtime/helpers/asyncToGenerator.js:17:9)

  ΓùÅ CampusMapScreen ΓÇ║ Next Class Directions Panel ΓÇ║ uses the latest 
indoor floors when navigating to Indoor

    Unable to find an element with testID: indoor-view-toggle

    [36m<View>[39m
      [36m<View>[39m
        [36m<Text[39m
          [33mtestID[39m=[32m"campus-map-props"[39m
        [36m>[39m
          [0m{"coordinates":{"latitude":1,"longitude":2},"focusTarget":"sgw","
startPoint":null,"destinationPoint":null,"strategy":{"mode":"walking","label":"
Walk","icon":"walk"}}[0m
        [36m</Text>[39m
        [36m<Text[39m
          [33mtestID[39m=[32m"campus-map-user-focus-counter"[39m
        [36m>[39m
          [0m0[0m
        [36m</Text>[39m
        [36m<Text[39m
          [33mtestID[39m=[32m"campus-map-route-focus-trigger"[39m
        [36m>[39m
          [0m0[0m
        [36m</Text>[39m
        [36m<View[39m
          [33maccessibilityRole[39m=[32m"button"[39m
          [33maccessible[39m=[32m{true}[39m
          [33mtestID[39m=[32m"trigger-get-directions"[39m
        [36m>[39m
          [36m<View>[39m
            [36m<Text>[39m
              [0mGet Directions[0m
            [36m</Text>[39m
          [36m</View>[39m
        [36m</View>[39m
        [36m<View[39m
          [33maccessibilityRole[39m=[32m"button"[39m
          [33maccessible[39m=[32m{true}[39m
          [33mtestID[39m=[32m"trigger-route-steps"[39m
        [36m>[39m
          [36m<View>[39m
            [36m<Text>[39m
              [0mSet Steps[0m
            [36m</Text>[39m
          [36m</View>[39m
        [36m</View>[39m
        [36m<View[39m
          [33maccessibilityRole[39m=[32m"button"[39m
          [33maccessible[39m=[32m{true}[39m
          [33mtestID[39m=[32m"trigger-set-as-start"[39m
        [36m>[39m
          [36m<View>[39m
            [36m<Text>[39m
              [0mSet As Start[0m
            [36m</Text>[39m
          [36m</View>[39m
        [36m</View>[39m
        [36m<View[39m
          [33maccessibilityRole[39m=[32m"button"[39m
          [33maccessible[39m=[32m{true}[39m
          [33mtestID[39m=[32m"trigger-set-my-location"[39m
        [36m>[39m
          [36m<View>[39m
            [36m<Text>[39m
              [0mSet My Location[0m
            [36m</Text>[39m
          [36m</View>[39m
        [36m</View>[39m
        [36m<View[39m
          [33maccessibilityRole[39m=[32m"button"[39m
          [33maccessible[39m=[32m{true}[39m
          [33mtestID[39m=[32m"trigger-building-with-map"[39m
        [36m>[39m
          [36m<View>[39m
            [36m<Text>[39m
              [0mSelect Building With Map[0m
            [36m</Text>[39m
          [36m</View>[39m
        [36m</View>[39m
        [36m<View[39m
          [33maccessibilityRole[39m=[32m"button"[39m
          [33maccessible[39m=[32m{true}[39m
          [33mtestID[39m=[32m"trigger-building-without-map"[39m
        [36m>[39m
          [36m<View>[39m
            [36m<Text>[39m
              [0mSelect Building Without Map[0m
            [36m</Text>[39m
          [36m</View>[39m
        [36m</View>[39m
        [36m<View[39m
          [33maccessibilityRole[39m=[32m"button"[39m
          [33maccessible[39m=[32m{true}[39m
          [33mtestID[39m=[32m"trigger-indoor-floors"[39m
        [36m>[39m
          [36m<View>[39m
            [36m<Text>[39m
              [0mSet Indoor Floors[0m
            [36m</Text>[39m
          [36m</View>[39m
        [36m</View>[39m
        [36m<View[39m
          [33maccessibilityRole[39m=[32m"button"[39m
          [33maccessible[39m=[32m{true}[39m
          [33mtestID[39m=[32m"trigger-popup-open-indoor"[39m
        [36m>[39m
          [36m<View>[39m
            [36m<Text>[39m
              [0mOpen Indoor From Popup[0m
            [36m</Text>[39m
          [36m</View>[39m
        [36m</View>[39m
      [36m</View>[39m
      [36m<View[39m
        [33mpointerEvents[39m=[32m"box-none"[39m
      [36m>[39m
        [36m<View>[39m
          [36m<View[39m
            [33maccessible[39m=[32m{true}[39m
            [33mtestID[39m=[32m"campus-toggle-sgw"[39m
          [36m>[39m
            [36m<Text>[39m
              [0mSGW[0m
            [36m</Text>[39m
          [36m</View>[39m
          [36m<View[39m
            [33maccessible[39m=[32m{true}[39m
            [33mtestID[39m=[32m"campus-toggle-loyola"[39m
          [36m>[39m
            [36m<Text>[39m
              [0mLoyola[0m
            [36m</Text>[39m
          [36m</View>[39m
        [36m</View>[39m
      [36m</View>[39m
      [36m<View>[39m
        [36m<View[39m
          [33maccessibilityLabel[39m=[32m"Show shuttle"[39m
          [33maccessibilityState[39m=[32m{
            {
              "disabled": false,
            }
          }[39m
          [33maccessible[39m=[32m{true}[39m
          [33mtestID[39m=[32m"show-shuttle-button"[39m
        [36m>[39m
          [36m<Text>[39m
            [0mbus-stop[0m
          [36m</Text>[39m
        [36m</View>[39m
        [36m<View[39m
          [33maccessibilityLabel[39m=[32m"shuttle-schedule-button"[39m
          [33maccessible[39m=[32m{true}[39m
          [33mtestID[39m=[32m"shuttle-schedule-button"[39m
        [36m>[39m
          [36m<Text>[39m
            [0mcalendar-clock[0m
          [36m</Text>[39m
        [36m</View>[39m
      [36m</View>[39m
      [36m<View>[39m
        [36m<View[39m
          [33maccessibilityLabel[39m=[32m"Navigate to next class"[39m
          [33maccessibilityState[39m=[32m{
            {
              "disabled": true,
            }
          }[39m
          [33maccessible[39m=[32m{true}[39m
          [33mtestID[39m=[32m"next-class-button"[39m
        [36m>[39m
          [36m<Text>[39m
            [0mschool[0m
          [36m</Text>[39m
        [36m</View>[39m
        [36m<View[39m
          [33maccessibilityLabel[39m=[32m"directions-button"[39m
          [33maccessible[39m=[32m{true}[39m
          [33mtestID[39m=[32m"directions-button"[39m
        [36m>[39m
          [36m<Text>[39m
            [0mdirections[0m
          [36m</Text>[39m
        [36m</View>[39m
        [36m<View[39m
          [33maccessibilityLabel[39m=[32m"my-location-button"[39m
          [33maccessible[39m=[32m{true}[39m
          [33mtestID[39m=[32m"my-location-button"[39m
        [36m>[39m
          [36m<Text>[39m
            [0mmy-location[0m
          [36m</Text>[39m
        [36m</View>[39m
      [36m</View>[39m
      [36m<View>[39m
        [36m<Text[39m
          [33mtestID[39m=[32m"nav-visible"[39m
        [36m>[39m
          [0mhidden[0m
        [36m</Text>[39m
        [36m<Text[39m
          [33mtestID[39m=[32m"nav-use-my-location-result"[39m
        [36m>[39m
          [0mnull[0m
        [36m</Text>[39m
        [36m<Text[39m
          [33mtestID[39m=[32m"nav-initial-start"[39m
        [36m>[39m
          [0mnull[0m
        [36m</Text>[39m
        [36m<Text[39m
          [33mtestID[39m=[32m"nav-initial-destination"[39m
        [36m>[39m
          [0mnull[0m
        [36m</Text>[39m
        [36m<Text[39m
          [33mtestID[39m=[32m"nav-auto-start"[39m
        [36m>[39m
          [0m{"name":"B","displayName":"B Building","boundingBox":[{"latitude"
:5,"longitude":0},{"latitude":5,"longitude":1},{"latitude":5,"longitude":2}]}[
0m
        [36m</Text>[39m
        [36m<View[39m
          [33maccessible[39m=[32m{true}[39m
          [33mtestID[39m=[32m"nav-confirm"[39m
        [36m>[39m
          [36m<Text>[39m
            [0mConfirm[0m
          [36m</Text>[39m
        [36m</View>[39m
        [36m<View[39m
          [33maccessible[39m=[32m{true}[39m
          [33mtestID[39m=[32m"nav-confirm-nullstart"[39m
        [36m>[39m
          [36m<Text>[39m
            [0mConfirm Null Start[0m
          [36m</Text>[39m
        [36m</View>[39m
        [36m<View[39m
          [33maccessible[39m=[32m{true}[39m
          [33mtestID[39m=[32m"nav-start-applied"[39m
        [36m>[39m
          [36m<Text>[39m
            [0mStart Applied[0m
          [36m</Text>[39m
        [36m</View>[39m
        [36m<View[39m
          [33maccessible[39m=[32m{true}[39m
          [33mtestID[39m=[32m"nav-applied"[39m
        [36m>[39m
          [36m<Text>[39m
            [0mApplied[0m
          [36m</Text>[39m
        [36m</View>[39m
        [36m<View[39m
          [33maccessible[39m=[32m{true}[39m
          [33mtestID[39m=[32m"nav-use-my-location"[39m
        [36m>[39m
          [36m<Text>[39m
            [0mUse My Location[0m
          [36m</Text>[39m
        [36m</View>[39m
        [36m<View[39m
          [33maccessible[39m=[32m{true}[39m
          [33mtestID[39m=[32m"nav-close"[39m
        [36m>[39m
          [36m<Text>[39m
            [0mClose[0m
          [36m</Text>[39m
        [36m</View>[39m
      [36m</View>[39m
      [36m<View[39m
        [33mtestID[39m=[32m"next-class-panel"[39m
      [36m>[39m
        [36m<Text[39m
          [33mtestID[39m=[32m"next-class-visible"[39m
        [36m>[39m
          [0mhidden[0m
        [36m</Text>[39m
        [36m<Text[39m
          [33mtestID[39m=[32m"next-class-info"[39m
        [36m>[39m
          [0mnull[0m
        [36m</Text>[39m
        [36m<Text[39m
          [33mtestID[39m=[32m"next-class-use-location-result"[39m
        [36m>[39m
          [0mnull[0m
        [36m</Text>[39m
        [36m<View[39m
          [33maccessible[39m=[32m{true}[39m
          [33mtestID[39m=[32m"next-class-confirm"[39m
        [36m>[39m
          [36m<Text>[39m
            [0mConfirm[0m
          [36m</Text>[39m
        [36m</View>[39m
        [36m<View[39m
          [33maccessible[39m=[32m{true}[39m
          [33mtestID[39m=[32m"next-class-close"[39m
        [36m>[39m
          [36m<Text>[39m
            [0mClose[0m
          [36m</Text>[39m
        [36m</View>[39m
        [36m<View[39m
          [33maccessible[39m=[32m{true}[39m
          [33mtestID[39m=[32m"next-class-use-location"[39m
        [36m>[39m
          [36m<Text>[39m
            [0mUse Location[0m
          [36m</Text>[39m
        [36m</View>[39m
      [36m</View>[39m
    [36m</View>[39m

    [0m [90m 1208 |[39m
     [90m 1209 |[39m       fireEvent[33m.[39mpress(screen[33m.[39mgetByTe
stId([32m"trigger-building-with-map"[39m))[33m;[39m
    [31m[1m>[22m[39m[90m 1210 |[39m       fireEvent[33m.[39mpress(scree
n[33m.[39mgetByTestId([32m"indoor-view-toggle"[39m))[33m;[39m
     [90m      |[39m                              [31m[1m^[22m[39m
     [90m 1211 |[39m
     [90m 1212 |[39m       
expect(router[33m.[39mpush)[33m.[39mtoHaveBeenCalledWith({
     [90m 1213 |[39m         pathname[33m:[39m 
[32m"/IndoorMapScreen"[39m[33m,[39m[0m

      at Object.getByTestId (__tests__/CampusMapScreen.test.tsx:1210:30)
      at asyncGeneratorStep 
(node_modules/@babel/runtime/helpers/asyncToGenerator.js:3:17)
      at _next (node_modules/@babel/runtime/helpers/asyncToGenerator.js:17:9)


Test Suites: 3 failed, 28 passed, 31 total
Tests:       10 failed, 493 passed, 503 total
Snapshots:   0 total
Time:        10.354 s
Ran all test suites.
